0.00 15.00 0.0 0.00 2.50 0.00 0.00 0.0 0.00 2.50 0.00
0.01 15.00 0.0 0.00 2.50 0.00 0.00 0.0 0.00 2.50 0.00
0.02 15.00 0.0 0.00 2.50 0.00 0.00 0.0 0.00 2.50 0.00
0.03 15.00 0.0 0.00 2.50 0.00 0.00 0.0 0.00 2.50 0.00
0.04 15.00 0.0 0.00 2.50 0.00 0.00 0.0 0.00 2.50 0.00
0.05 15.00 0.0 0.00 2.50 0.00 0.00 0.0 0.00 2.50 0.00
0.06 15.00 0.0 0.00 2.50 0.00 0.00 0.0 0.00 2.50 0.00
0.07 15.00 0.0 0.00 2.50 0.00 0.00 0.0 0.00 2.50 0.00
0.08 15.00 0.0 0.00 2.50 0.00 0.00 0.0 0.00 2.50 0.00
0.09 15.00 0.0 0.00 2.50 0.00 0.00 0.0 0.00 2.50 0.00
0.10 15.00 0.0 0.00 2.50 0.00 0.00 0.0 0.00 2.50 0.00
0.11 15.25 0.0 0.00 2.40 -1.00 0.24 0.0 0.00 2.50 0.00
0.12 15.50 0.0 0.00 2.30 -2.00 0.48 0.0 0.00 2.50 0.00
0.13 15.75 0.0 0.00 2.20 -3.00 0.72 0.0 0.00 2.50 0.00
0.14 16.00 0.0 0.00 2.10 -4.00 0.96 0.0 0.00 2.50 0.00
0.15 16.25 0.0 0.00 2.00 -5.00 1.20 0.0 0.00 2.50 0.00
0.16 16.50 0.0 0.00 1.90 -6.00 1.44 0.0 0.00 2.50 0.00
0.17 16.75 0.0 0.00 1.80 -7.00 1.68 0.0 0.00 2.50 0.00
0.18 17.00 0.0 0.00 1.70 -8.00 1.92 0.0 0.00 2.50 0.00
0.19 17.25 0.0 0.00 1.60 -9.00 2.16 0.0 0.00 2.50 0.00
0.20 17.50 0.0 0.00 1.50 -10.00 2.40 0.0 0.00 2.50 0.00
0.21 17.50 0.0 0.00 1.50 -10.00 2.40 0.0 0.00 2.50 0.00
0.22 17.50 0.0 0.00 1.50 -10.00 2.40 0.0 0.00 2.50 0.00
0.23 17.50 0.0 0.00 1.50 -10.00 2.40 0.0 0.00 2.50 0.00
0.24 17.50 0.0 0.00 1.50 -10.00 2.40 0.0 0.00 2.50 0.00
0.25 17.50 0.0 0.00 1.50 -10.00 2.40 0.0 0.00 2.50 0.00
0.26 17.50 0.0 0.00 1.50 -10.00 2.40 0.0 0.00 2.50 0.00
0.27 17.50 0.0 0.00 1.50 -10.00 2.40 0.0 0.00 2.50 0.00
0.28 17.50 0.0 0.00 1.50 -10.00 2.40 0.0 0.00 2.50 0.00
0.29 17.50 0.0 0.00 1.50 -10.00 2.40 0.0 0.00 2.50 0.00
0.30 17.50 0.0 0.00 1.50 -10.00 2.40 0.0 0.00 2.50 0.00
0.31 17.50 0.0 0.00 1.50 -10.00 2.40 0.0 0.00 2.50 0.00
0.32 17.50 0.0 0.00 1.50 -10.00 2.40 0.0 0.00 2.50 0.00
0.33 17.50 0.0 0.00 1.50 -10.00 2.40 0.0 0.00 2.50 0.00
0.34 17.50 0.0 0.00 1.50 -10.00 2.40 0.0 0.00 2.50 0.00
0.35 17.50 0.0 0.00 1.50 -10.00 2.40 0.0 0.00 2.50 0.00
0.36 17.50 0.0 0.00 1.50 -10.00 2.40 0.0 0.00 2.50 0.00
0.37 17.50 0.0 0.00 1.50 -10.00 2.40 0.0 0.00 2.50 0.00
0.38 17.50 0.0 0.00 1.50 -10.00 2.40 0.0 0.00 2.50 0.00
0.39 17.50 0.0 0.00 1.50 -10.00 2.40 0.0 0.00 2.50 0.00
0.40 17.50 0.0 0.00 1.50 -10.00 2.40 0.0 0.00 2.50 0.00
0.41 17.50 0.0 0.00 1.50 -10.00 2.40 0.0 0.00 2.50 0.00
0.42 17.50 0.0 0.00 1.50 -10.00 2.40 0.0 0.00 2.50 0.00
0.43 17.50 0.0 0.00 1.50 -10.00 2.40 0.0 0.00 2.50 0.00
0.44 17.50 0.0 0.00 1.50 -10.00 2.40 0.0 0.00 2.50 0.00
0.45 17.50 0.0 0.00 1.50 -10.00 2.40 0.0 0.00 2.50 0.00
0.46 17.50 0.0 0.00 1.50 -10.00 2.40 0.0 0.00 2.50 0.00
0.47 17.50 0.0 0.00 1.50 -10.00 2.40 0.0 0.00 2.50 0.00
0.48 17.50 0.0 0.00 1.50 -10.00 2.40 0.0 0.00 2.50 0.00
0.49 17.50 0.0 0.00 1.50 -10.00 2.40 0.0 0.00 2.50 0.00
0.50 17.50 0.0 0.00 1.50 -10.00 2.40 0.0 0.00 2.50 0.00
0.51 17.50 0.0 0.00 1.50 -10.00 2.40 0.0 0.00 2.50 -0.01
0.52 17.50 0.0 0.00 1.50 -10.00 2.40 0.0 0.00 2.50 -0.02
0.53 17.50 0.0 0.00 1.50 -10.00 2.40 0.0 0.00 2.50 -0.03
0.54 17.50 0.0 0.00 1.50 -10.00 2.40 0.0 0.00 2.50 -0.04
0.55 17.50 0.0 0.00 1.50 -10.00 2.40 0.0 0.00 2.50 -0.05
0.56 17.50 0.0 0.00 1.50 -10.00 2.40 0.0 0.00 2.50 -0.06
0.57 17.50 0.0 0.00 1.50 -10.00 2.40 0.0 0.00 2.50 -0.07
0.58 17.50 0.0 0.00 1.50 -10.00 2.40 0.0 0.00 2.50 -0.08
0.59 17.50 0.0 0.00 1.50 -10.00 2.40 0.0 0.00 2.50 -0.09
0.60 17.50 0.0 0.00 1.50 -10.00 2.40 0.0 0.00 2.50 -0.10
0.61 17.50 0.0 0.00 1.50 -10.00 2.40 0.0 0.00 2.50 -0.10
0.62 17.50 0.0 0.00 1.50 -10.00 2.40 0.0 0.00 2.50 -0.10
0.63 17.50 0.0 0.00 1.50 -10.00 2.40 0.0 0.00 2.50 -0.10
0.64 17.50 0.0 0.00 1.50 -10.00 2.40 0.0 0.00 2.50 -0.10
0.65 17.50 0.0 0.00 1.50 -10.00 2.40 0.0 0.00 2.50 -0.10
0.66 17.50 0.0 0.00 1.50 -10.00 2.40 0.0 0.00 2.50 -0.10
0.67 17.50 0.0 0.00 1.50 -10.00 2.40 0.0 0.00 2.50 -0.10
0.68 17.50 0.0 0.00 1.50 -10.00 2.40 0.0 0.00 2.50 -0.10
0.69 17.50 0.0 0.00 1.50 -10.00 2.40 0.0 0.00 2.50 -0.10
0.70 17.50 0.0 0.00 1.50 -10.00 2.40 0.0 0.00 2.50 -0.10
0.71 17.50 0.0 0.00 1.50 -10.00 2.40 0.0 0.00 2.50 -0.10
0.72 17.50 0.0 0.00 1.50 -10.00 2.40 0.0 0.00 2.50 -0.10
0.73 17.50 0.0 0.00 1.50 -10.00 2.40 0.0 0.00 2.50 -0.10
0.74 17.50 0.0 0.00 1.50 -10.00 2.40 0.0 0.00 2.50 -0.10
0.75 17.50 0.0 0.00 1.50 -10.00 2.40 0.0 0.00 2.50 -0.10
0.76 17.50 0.0 0.00 1.50 -10.00 2.40 0.0 0.00 2.50 -0.10
0.77 17.50 0.0 0.00 1.50 -10.00 2.40 0.0 0.00 2.50 -0.10
0.78 17.50 0.0 0.00 1.50 -10.00 2.40 0.0 0.00 2.50 -0.10
0.79 17.50 0.0 0.00 1.50 -10.00 2.40 0.0 0.00 2.50 -0.10
0.80 17.50 0.0 0.00 1.50 -10.00 2.40 0.0 0.00 2.50 -0.10
0.81 17.65 0.0 0.00 1.50 -10.00 2.64 0.0 0.00 2.49 -0.10
0.82 17.80 0.0 0.00 1.50 -10.00 2.88 0.0 0.00 2.48 -0.10
0.83 17.95 0.0 0.00 1.50 -10.00 3.12 0.0 0.00 2.47 -0.10
0.84 18.10 0.0 0.00 1.50 -10.00 3.36 0.0 0.00 2.46 -0.10
0.85 18.25 0.0 0.00 1.50 -10.00 3.60 0.0 0.00 2.45 -0.10
0.86 18.40 0.0 0.00 1.50 -10.00 3.84 0.0 0.00 2.44 -0.10
0.87 18.55 0.0 0.00 1.50 -10.00 4.08 0.0 0.00 2.43 -0.10
0.88 18.70 0.0 0.00 1.50 -10.00 4.32 0.0 0.00 2.42 -0.10
0.89 18.85 0.0 0.00 1.50 -10.00 4.56 0.0 0.00 2.41 -0.10
0.90 19.00 0.0 0.00 1.50 -10.00 4.80 0.0 0.00 2.40 -0.10
0.91 19.00 0.0 0.00 1.50 -10.00 4.80 0.0 0.00 2.40 -0.10
0.92 19.00 0.0 0.00 1.50 -10.00 4.80 0.0 0.00 2.40 -0.10
0.93 19.00 0.0 0.00 1.50 -10.00 4.80 0.0 0.00 2.40 -0.10
0.94 19.00 0.0 0.00 1.50 -10.00 4.80 0.0 0.00 2.40 -0.10
0.95 19.00 0.0 0.00 1.50 -10.00 4.80 0.0 0.00 2.40 -0.10
0.96 19.00 0.0 0.00 1.50 -10.00 4.80 0.0 0.00 2.40 -0.10
0.97 19.00 0.0 0.00 1.50 -10.00 4.80 0.0 0.00 2.40 -0.10
0.98 19.00 0.0 0.00 1.50 -10.00 4.80 0.0 0.00 2.40 -0.10
0.99 19.00 0.0 0.00 1.50 -10.00 4.80 0.0 0.00 2.40 -0.10
1.00 19.00 0.0 0.00 1.50 -10.00 4.80 0.0 0.00 2.40 -0.10
1.01 19.00 0.0 0.00 1.50 -10.00 4.80 0.0 0.00 2.40 -0.10
1.02 19.00 0.0 0.00 1.50 -10.00 4.80 0.0 0.00 2.40 -0.10
1.03 19.00 0.0 0.00 1.50 -10.00 4.80 0.0 0.00 2.40 -0.10
1.04 19.00 0.0 0.00 1.50 -10.00 4.80 0.0 0.00 2.40 -0.10
1.05 19.00 0.0 0.00 1.50 -10.00 4.80 0.0 0.00 2.40 -0.10
1.06 19.00 0.0 0.00 1.50 -10.00 4.80 0.0 0.00 2.40 -0.10
1.07 19.00 0.0 0.00 1.50 -10.00 4.80 0.0 0.00 2.40 -0.10
1.08 19.00 0.0 0.00 1.50 -10.00 4.80 0.0 0.00 2.40 -0.10
1.09 19.00 0.0 0.00 1.50 -10.00 4.80 0.0 0.00 2.40 -0.10
1.10 19.00 0.0 0.00 1.50 -10.00 4.80 0.0 0.00 2.40 -0.10
1.11 19.15 0.0 0.00 1.50 -10.00 5.03 0.0 0.00 2.39 -0.10
1.12 19.30 0.0 0.00 1.50 -10.00 5.26 0.0 0.00 2.38 -0.10
1.13 19.45 0.0 0.00 1.50 -10.00 5.49 0.0 0.00 2.37 -0.10
1.14 19.60 0.0 0.00 1.50 -10.00 5.72 0.0 0.00 2.36 -0.10
1.15 19.75 0.0 0.00 1.50 -10.00 5.95 0.0 0.00 2.35 -0.10
1.16 19.90 0.0 0.00 1.50 -10.00 6.18 0.0 0.00 2.34 -0.10
1.17 20.05 0.0 0.00 1.50 -10.00 6.41 0.0 0.00 2.33 -0.10
1.18 20.20 0.0 0.00 1.50 -10.00 6.64 0.0 0.00 2.32 -0.10
1.19 20.35 0.0 0.00 1.50 -10.00 6.87 0.0 0.00 2.31 -0.10
1.20 20.50 0.0 0.00 1.50 -10.00 7.10 0.0 0.00 2.30 -0.10
1.21 20.50 0.0 0.00 1.50 -10.00 7.10 0.0 0.00 2.30 -0.10
1.22 20.50 0.0 0.00 1.50 -10.00 7.10 0.0 0.00 2.30 -0.10
1.23 20.50 0.0 0.00 1.50 -10.00 7.10 0.0 0.00 2.30 -0.10
1.24 20.50 0.0 0.00 1.50 -10.00 7.10 0.0 0.00 2.30 -0.10
1.25 20.50 0.0 0.00 1.50 -10.00 7.10 0.0 0.00 2.30 -0.10
1.26 20.50 0.0 0.00 1.50 -10.00 7.10 0.0 0.00 2.30 -0.10
1.27 20.50 0.0 0.00 1.50 -10.00 7.10 0.0 0.00 2.30 -0.10
1.28 20.50 0.0 0.00 1.50 -10.00 7.10 0.0 0.00 2.30 -0.10
1.29 20.50 0.0 0.00 1.50 -10.00 7.10 0.0 0.00 2.30 -0.10
1.30 20.50 0.0 0.00 1.50 -10.00 7.10 0.0 0.00 2.30 -0.10
1.31 20.50 0.0 0.00 1.50 -10.00 7.10 0.0 0.00 2.30 -0.10
1.32 20.50 0.0 0.00 1.50 -10.00 7.10 0.0 0.00 2.30 -0.10
1.33 20.50 0.0 0.00 1.50 -10.00 7.10 0.0 0.00 2.30 -0.10
1.34 20.50 0.0 0.00 1.50 -10.00 7.10 0.0 0.00 2.30 -0.10
1.35 20.50 0.0 0.00 1.50 -10.00 7.10 0.0 0.00 2.30 -0.10
1.36 20.50 0.0 0.00 1.50 -10.00 7.10 0.0 0.00 2.30 -0.10
1.37 20.50 0.0 0.00 1.50 -10.00 7.10 0.0 0.00 2.30 -0.10
1.38 20.50 0.0 0.00 1.50 -10.00 7.10 0.0 0.00 2.30 -0.10
1.39 20.50 0.0 0.00 1.50 -10.00 7.10 0.0 0.00 2.30 -0.10
1.40 20.50 0.0 0.00 1.50 -10.00 7.10 0.0 0.00 2.30 -0.10
1.41 20.65 0.0 0.00 1.50 -10.00 7.32 0.0 0.00 2.29 -0.10
1.42 20.80 0.0 0.00 1.50 -10.00 7.54 0.0 0.00 2.28 -0.10
1.43 20.95 0.0 0.00 1.50 -10.00 7.76 0.0 0.00 2.27 -0.10
1.44 21.10 0.0 0.00 1.50 -10.00 7.98 0.0 0.00 2.26 -0.10
1.45 21.25 0.0 0.00 1.50 -10.00 8.20 0.0 0.00 2.25 -0.10
1.46 21.40 0.0 0.00 1.50 -10.00 8.42 0.0 0.00 2.24 -0.10
1.47 21.55 0.0 0.00 1.50 -10.00 8.64 0.0 0.00 2.23 -0.10
1.48 21.70 0.0 0.00 1.50 -10.00 8.86 0.0 0.00 2.22 -0.10
1.49 21.85 0.0 0.00 1.50 -10.00 9.08 0.0 0.00 2.21 -0.10
1.50 22.00 0.0 0.00 1.50 -10.00 9.30 0.0 0.00 2.20 -0.10
1.51 22.00 0.0 0.00 1.50 -10.00 9.30 0.0 0.00 2.20 -0.10
1.52 22.00 0.0 0.00 1.50 -10.00 9.30 0.0 0.00 2.20 -0.10
1.53 22.00 0.0 0.00 1.50 -10.00 9.30 0.0 0.00 2.20 -0.10
1.54 22.00 0.0 0.00 1.50 -10.00 9.30 0.0 0.00 2.20 -0.10
1.55 22.00 0.0 0.00 1.50 -10.00 9.30 0.0 0.00 2.20 -0.10
1.56 22.00 0.0 0.00 1.50 -10.00 9.30 0.0 0.00 2.20 -0.10
1.57 22.00 0.0 0.00 1.50 -10.00 9.30 0.0 0.00 2.20 -0.10
1.58 22.00 0.0 0.00 1.50 -10.00 9.30 0.0 0.00 2.20 -0.10
1.59 22.00 0.0 0.00 1.50 -10.00 9.30 0.0 0.00 2.20 -0.10
1.60 22.00 0.0 0.00 1.50 -10.00 9.30 0.0 0.00 2.20 -0.10
1.61 22.00 0.0 0.00 1.50 -10.00 9.30 0.0 0.00 2.20 -0.10
1.62 22.00 0.0 0.00 1.50 -10.00 9.30 0.0 0.00 2.20 -0.10
1.63 22.00 0.0 0.00 1.50 -10.00 9.30 0.0 0.00 2.20 -0.10
1.64 22.00 0.0 0.00 1.50 -10.00 9.30 0.0 0.00 2.20 -0.10
1.65 22.00 0.0 0.00 1.50 -10.00 9.30 0.0 0.00 2.20 -0.10
1.66 22.00 0.0 0.00 1.50 -10.00 9.30 0.0 0.00 2.20 -0.10
1.67 22.00 0.0 0.00 1.50 -10.00 9.30 0.0 0.00 2.20 -0.10
1.68 22.00 0.0 0.00 1.50 -10.00 9.30 0.0 0.00 2.20 -0.10
1.69 22.00 0.0 0.00 1.50 -10.00 9.30 0.0 0.00 2.20 -0.10
1.70 22.00 0.0 0.00 1.50 -10.00 9.30 0.0 0.00 2.20 -0.10
1.71 22.00 0.0 0.00 1.50 -10.00 9.30 0.0 0.00 2.20 -0.10
1.72 22.00 0.0 0.00 1.50 -10.00 9.30 0.0 0.00 2.20 -0.10
1.73 22.00 0.0 0.00 1.50 -10.00 9.30 0.0 0.00 2.20 -0.10
1.74 22.00 0.0 0.00 1.50 -10.00 9.30 0.0 0.00 2.20 -0.10
1.75 22.00 0.0 0.00 1.50 -10.00 9.30 0.0 0.00 2.20 -0.10
1.76 22.00 0.0 0.00 1.50 -10.00 9.30 0.0 0.00 2.20 -0.10
1.77 22.00 0.0 0.00 1.50 -10.00 9.30 0.0 0.00 2.20 -0.10
1.78 22.00 0.0 0.00 1.50 -10.00 9.30 0.0 0.00 2.20 -0.10
1.79 22.00 0.0 0.00 1.50 -10.00 9.30 0.0 0.00 2.20 -0.10
1.80 22.00 0.0 0.00 1.50 -10.00 9.30 0.0 0.00 2.20 -0.10
1.81 22.00 0.0 0.00 1.50 -10.00 9.30 0.0 0.00 2.20 -0.11
1.82 22.00 0.0 0.00 1.50 -10.00 9.30 0.0 0.00 2.20 -0.12
1.83 22.00 0.0 0.00 1.50 -10.00 9.30 0.0 0.00 2.20 -0.13
1.84 22.00 0.0 0.00 1.50 -10.00 9.30 0.0 0.00 2.20 -0.14
1.85 22.00 0.0 0.00 1.50 -10.00 9.30 0.0 0.00 2.20 -0.15
1.86 22.00 0.0 0.00 1.50 -10.00 9.30 0.0 0.00 2.20 -0.16
1.87 22.00 0.0 0.00 1.50 -10.00 9.30 0.0 0.00 2.20 -0.17
1.88 22.00 0.0 0.00 1.50 -10.00 9.30 0.0 0.00 2.20 -0.18
1.89 22.00 0.0 0.00 1.50 -10.00 9.30 0.0 0.00 2.20 -0.19
1.90 22.00 0.0 0.00 1.50 -10.00 9.30 0.0 0.00 2.20 -0.20
1.91 22.00 0.0 0.00 1.50 -10.00 9.30 0.0 0.00 2.20 -0.20
1.92 22.00 0.0 0.00 1.50 -10.00 9.30 0.0 0.00 2.20 -0.20
1.93 22.00 0.0 0.00 1.50 -10.00 9.30 0.0 0.00 2.20 -0.20
1.94 22.00 0.0 0.00 1.50 -10.00 9.30 0.0 0.00 2.20 -0.20
1.95 22.00 0.0 0.00 1.50 -10.00 9.30 0.0 0.00 2.20 -0.20
1.96 22.00 0.0 0.00 1.50 -10.00 9.30 0.0 0.00 2.20 -0.20
1.97 22.00 0.0 0.00 1.50 -10.00 9.30 0.0 0.00 2.20 -0.20
1.98 22.00 0.0 0.00 1.50 -10.00 9.30 0.0 0.00 2.20 -0.20
1.99 22.00 0.0 0.00 1.50 -10.00 9.30 0.0 0.00 2.20 -0.20
2.00 22.00 0.0 0.00 1.50 -10.00 9.30 0.0 0.00 2.20 -0.20
2.01 22.00 0.0 0.00 1.50 -10.00 9.30 0.0 0.00 2.20 -0.20
2.02 22.00 0.0 0.00 1.50 -10.00 9.30 0.0 0.00 2.20 -0.20
2.03 22.00 0.0 0.00 1.50 -10.00 9.30 0.0 0.00 2.20 -0.20
2.04 22.00 0.0 0.00 1.50 -10.00 9.30 0.0 0.00 2.20 -0.20
2.05 22.00 0.0 0.00 1.50 -10.00 9.30 0.0 0.00 2.20 -0.20
2.06 22.00 0.0 0.00 1.50 -10.00 9.30 0.0 0.00 2.20 -0.20
2.07 22.00 0.0 0.00 1.50 -10.00 9.30 0.0 0.00 2.20 -0.20
2.08 22.00 0.0 0.00 1.50 -10.00 9.30 0.0 0.00 2.20 -0.20
2.09 22.00 0.0 0.00 1.50 -10.00 9.30 0.0 0.00 2.20 -0.20
2.10 22.00 0.0 0.00 1.50 -10.00 9.30 0.0 0.00 2.20 -0.20
2.11 22.15 0.0 0.00 1.40 -10.00 9.50 0.0 0.00 2.18 -0.20
2.12 22.30 0.0 0.00 1.30 -10.00 9.70 0.0 0.00 2.16 -0.20
2.13 22.45 0.0 0.00 1.20 -10.00 9.90 0.0 0.00 2.14 -0.20
2.14 22.60 0.0 0.00 1.10 -10.00 10.10 0.0 0.00 2.12 -0.20
2.15 22.75 0.0 0.00 1.00 -10.00 10.30 0.0 0.00 2.10 -0.20
2.16 22.90 0.0 0.00 0.90 -10.00 10.50 0.0 0.00 2.08 -0.20
2.17 23.05 0.0 0.00 0.80 -10.00 10.70 0.0 0.00 2.06 -0.20
2.18 23.20 0.0 0.00 0.70 -10.00 10.90 0.0 0.00 2.04 -0.20
2.19 23.35 0.0 0.00 0.60 -10.00 11.10 0.0 0.00 2.02 -0.20
2.20 23.50 0.0 0.00 0.50 -10.00 11.30 0.0 0.00 2.00 -0.20
2.21 23.50 0.0 0.00 0.50 -10.00 11.30 0.0 0.00 2.00 -0.20
2.22 23.50 0.0 0.00 0.50 -10.00 11.30 0.0 0.00 2.00 -0.20
2.23 23.50 0.0 0.00 0.50 -10.00 11.30 0.0 0.00 2.00 -0.20
2.24 23.50 0.0 0.00 0.50 -10.00 11.30 0.0 0.00 2.00 -0.20
2.25 23.50 0.0 0.00 0.50 -10.00 11.30 0.0 0.00 2.00 -0.20
2.26 23.50 0.0 0.00 0.50 -10.00 11.30 0.0 0.00 2.00 -0.20
2.27 23.50 0.0 0.00 0.50 -10.00 11.30 0.0 0.00 2.00 -0.20
2.28 23.50 0.0 0.00 0.50 -10.00 11.30 0.0 0.00 2.00 -0.20
2.29 23.50 0.0 0.00 0.50 -10.00 11.30 0.0 0.00 2.00 -0.20
2.30 23.50 0.0 0.00 0.50 -10.00 11.30 0.0 0.00 2.00 -0.20
2.31 23.50 0.0 0.00 0.50 -10.00 11.30 0.0 0.00 2.00 -0.20
2.32 23.50 0.0 0.00 0.50 -10.00 11.30 0.0 0.00 2.00 -0.20
2.33 23.50 0.0 0.00 0.50 -10.00 11.30 0.0 0.00 2.00 -0.20
2.34 23.50 0.0 0.00 0.50 -10.00 11.30 0.0 0.00 2.00 -0.20
2.35 23.50 0.0 0.00 0.50 -10.00 11.30 0.0 0.00 2.00 -0.20
2.36 23.50 0.0 0.00 0.50 -10.00 11.30 0.0 0.00 2.00 -0.20
2.37 23.50 0.0 0.00 0.50 -10.00 11.30 0.0 0.00 2.00 -0.20
2.38 23.50 0.0 0.00 0.50 -10.00 11.30 0.0 0.00 2.00 -0.20
2.39 23.50 0.0 0.00 0.50 -10.00 11.30 0.0 0.00 2.00 -0.20
2.40 23.50 0.0 0.00 0.50 -10.00 11.30 0.0 0.00 2.00 -0.20
2.41 23.55 0.0 0.00 0.50 -10.00 11.48 0.0 0.00 1.98 -0.20
2.42 23.60 0.0 0.00 0.50 -10.00 11.66 0.0 0.00 1.96 -0.20
2.43 23.65 0.0 0.00 0.50 -10.00 11.84 0.0 0.00 1.94 -0.20
2.44 23.70 0.0 0.00 0.50 -10.00 12.02 0.0 0.00 1.92 -0.20
2.45 23.75 0.0 0.00 0.50 -10.00 12.20 0.0 0.00 1.90 -0.20
2.46 23.80 0.0 0.00 0.50 -10.00 12.38 0.0 0.00 1.88 -0.20
2.47 23.85 0.0 0.00 0.50 -10.00 12.56 0.0 0.00 1.86 -0.20
2.48 23.90 0.0 0.00 0.50 -10.00 12.74 0.0 0.00 1.84 -0.20
2.49 23.95 0.0 0.00 0.50 -10.00 12.92 0.0 0.00 1.82 -0.20
2.50 24.00 0.0 0.00 0.50 -10.00 13.10 0.0 0.00 1.80 -0.20
2.51 24.00 0.0 0.00 0.50 -10.00 13.10 0.0 0.00 1.80 -0.20
2.52 24.00 0.0 0.00 0.50 -10.00 13.10 0.0 0.00 1.80 -0.20
2.53 24.00 0.0 0.00 0.50 -10.00 13.10 0.0 0.00 1.80 -0.20
2.54 24.00 0.0 0.00 0.50 -10.00 13.10 0.0 0.00 1.80 -0.20
2.55 24.00 0.0 0.00 0.50 -10.00 13.10 0.0 0.00 1.80 -0.20
2.56 24.00 0.0 0.00 0.50 -10.00 13.10 0.0 0.00 1.80 -0.20
2.57 24.00 0.0 0.00 0.50 -10.00 13.10 0.0 0.00 1.80 -0.20
2.58 24.00 0.0 0.00 0.50 -10.00 13.10 0.0 0.00 1.80 -0.20
2.59 24.00 0.0 0.00 0.50 -10.00 13.10 0.0 0.00 1.80 -0.20
2.60 24.00 0.0 0.00 0.50 -10.00 13.10 0.0 0.00 1.80 -0.20
2.61 24.00 0.0 0.00 0.50 -10.00 13.10 0.0 0.00 1.80 -0.20
2.62 24.00 0.0 0.00 0.50 -10.00 13.10 0.0 0.00 1.80 -0.20
2.63 24.00 0.0 0.00 0.50 -10.00 13.10 0.0 0.00 1.80 -0.20
2.64 24.00 0.0 0.00 0.50 -10.00 13.10 0.0 0.00 1.80 -0.20
2.65 24.00 0.0 0.00 0.50 -10.00 13.10 0.0 0.00 1.80 -0.20
2.66 24.00 0.0 0.00 0.50 -10.00 13.10 0.0 0.00 1.80 -0.20
2.67 24.00 0.0 0.00 0.50 -10.00 13.10 0.0 0.00 1.80 -0.20
2.68 24.00 0.0 0.00 0.50 -10.00 13.10 0.0 0.00 1.80 -0.20
2.69 24.00 0.0 0.00 0.50 -10.00 13.10 0.0 0.00 1.80 -0.20
2.70 24.00 0.0 0.00 0.50 -10.00 13.10 0.0 0.00 1.80 -0.20
2.71 24.05 0.0 0.00 0.50 -10.00 13.26 0.0 0.00 1.77 -0.20
2.72 24.10 0.0 0.00 0.50 -10.00 13.42 0.0 0.00 1.74 -0.20
2.73 24.15 0.0 0.00 0.50 -10.00 13.58 0.0 0.00 1.71 -0.20
2.74 24.20 0.0 0.00 0.50 -10.00 13.74 0.0 0.00 1.68 -0.20
2.75 24.25 0.0 0.00 0.50 -10.00 13.90 0.0 0.00 1.65 -0.20
2.76 24.30 0.0 0.00 0.50 -10.00 14.06 0.0 0.00 1.62 -0.20
2.77 24.35 0.0 0.00 0.50 -10.00 14.22 0.0 0.00 1.59 -0.20
2.78 24.40 0.0 0.00 0.50 -10.00 14.38 0.0 0.00 1.56 -0.20
2.79 24.45 0.0 0.00 0.50 -10.00 14.54 0.0 0.00 1.53 -0.20
2.80 24.50 0.0 0.00 0.50 -10.00 14.70 0.0 0.00 1.50 -0.20
2.81 24.50 0.0 0.00 0.50 -10.00 14.70 0.0 0.00 1.50 -0.20
2.82 24.50 0.0 0.00 0.50 -10.00 14.70 0.0 0.00 1.50 -0.20
2.83 24.50 0.0 0.00 0.50 -10.00 14.70 0.0 0.00 1.50 -0.20
2.84 24.50 0.0 0.00 0.50 -10.00 14.70 0.0 0.00 1.50 -0.20
2.85 24.50 0.0 0.00 0.50 -10.00 14.70 0.0 0.00 1.50 -0.20
2.86 24.50 0.0 0.00 0.50 -10.00 14.70 0.0 0.00 1.50 -0.20
2.87 24.50 0.0 0.00 0.50 -10.00 14.70 0.0 0.00 1.50 -0.20
2.88 24.50 0.0 0.00 0.50 -10.00 14.70 0.0 0.00 1.50 -0.20
2.89 24.50 0.0 0.00 0.50 -10.00 14.70 0.0 0.00 1.50 -0.20
2.90 24.50 0.0 0.00 0.50 -10.00 14.70 0.0 0.00 1.50 -0.20
2.91 24.50 0.0 0.00 0.50 -10.00 14.70 0.0 0.00 1.50 -0.20
2.92 24.50 0.0 0.00 0.50 -10.00 14.70 0.0 0.00 1.50 -0.20
2.93 24.50 0.0 0.00 0.50 -10.00 14.70 0.0 0.00 1.50 -0.20
2.94 24.50 0.0 0.00 0.50 -10.00 14.70 0.0 0.00 1.50 -0.20
2.95 24.50 0.0 0.00 0.50 -10.00 14.70 0.0 0.00 1.50 -0.20
2.96 24.50 0.0 0.00 0.50 -10.00 14.70 0.0 0.00 1.50 -0.20
2.97 24.50 0.0 0.00 0.50 -10.00 14.70 0.0 0.00 1.50 -0.20
2.98 24.50 0.0 0.00 0.50 -10.00 14.70 0.0 0.00 1.50 -0.20
2.99 24.50 0.0 0.00 0.50 -10.00 14.70 0.0 0.00 1.50 -0.20
3.00 24.50 0.0 0.00 0.50 -10.00 14.70 0.0 0.00 1.50 -0.20
3.01 24.55 0.0 0.00 0.50 -10.00 14.83 0.0 0.00 1.47 -0.20
3.02 24.60 0.0 0.00 0.50 -10.00 14.96 0.0 0.00 1.44 -0.20
3.03 24.65 0.0 0.00 0.50 -10.00 15.09 0.0 0.00 1.41 -0.20
3.04 24.70 0.0 0.00 0.50 -10.00 15.22 0.0 0.00 1.38 -0.20
3.05 24.75 0.0 0.00 0.50 -10.00 15.35 0.0 0.00 1.35 -0.20
3.06 24.80 0.0 0.00 0.50 -10.00 15.48 0.0 0.00 1.32 -0.20
3.07 24.85 0.0 0.00 0.50 -10.00 15.61 0.0 0.00 1.29 -0.20
3.08 24.90 0.0 0.00 0.50 -10.00 15.74 0.0 0.00 1.26 -0.20
3.09 24.95 0.0 0.00 0.50 -10.00 15.87 0.0 0.00 1.23 -0.20
3.10 25.00 0.0 0.00 0.50 -10.00 16.00 0.0 0.00 1.20 -0.20
3.11 25.00 0.0 0.00 0.50 -10.00 16.00 0.0 0.00 1.20 -0.20
3.12 25.00 0.0 0.00 0.50 -10.00 16.00 0.0 0.00 1.20 -0.20
3.13 25.00 0.0 0.00 0.50 -10.00 16.00 0.0 0.00 1.20 -0.20
3.14 25.00 0.0 0.00 0.50 -10.00 16.00 0.0 0.00 1.20 -0.20
3.15 25.00 0.0 0.00 0.50 -10.00 16.00 0.0 0.00 1.20 -0.20
3.16 25.00 0.0 0.00 0.50 -10.00 16.00 0.0 0.00 1.20 -0.20
3.17 25.00 0.0 0.00 0.50 -10.00 16.00 0.0 0.00 1.20 -0.20
3.18 25.00 0.0 0.00 0.50 -10.00 16.00 0.0 0.00 1.20 -0.20
3.19 25.00 0.0 0.00 0.50 -10.00 16.00 0.0 0.00 1.20 -0.20
3.20 25.00 0.0 0.00 0.50 -10.00 16.00 0.0 0.00 1.20 -0.20
3.21 25.00 0.0 0.00 0.50 -10.00 16.00 0.0 0.00 1.20 -0.20
3.22 25.00 0.0 0.00 0.50 -10.00 16.00 0.0 0.00 1.20 -0.20
3.23 25.00 0.0 0.00 0.50 -10.00 16.00 0.0 0.00 1.20 -0.20
3.24 25.00 0.0 0.00 0.50 -10.00 16.00 0.0 0.00 1.20 -0.20
3.25 25.00 0.0 0.00 0.50 -10.00 16.00 0.0 0.00 1.20 -0.20
3.26 25.00 0.0 0.00 0.50 -10.00 16.00 0.0 0.00 1.20 -0.20
3.27 25.00 0.0 0.00 0.50 -10.00 16.00 0.0 0.00 1.20 -0.20
3.28 25.00 0.0 0.00 0.50 -10.00 16.00 0.0 0.00 1.20 -0.20
3.29 25.00 0.0 0.00 0.50 -10.00 16.00 0.0 0.00 1.20 -0.20
3.30 25.00 0.0 0.00 0.50 -10.00 16.00 0.0 0.00 1.20 -0.20
3.31 25.00 0.0 0.00 0.50 -10.00 16.00 0.0 0.00 1.20 -0.20
3.32 25.00 0.0 0.00 0.50 -10.00 16.00 0.0 0.00 1.20 -0.20
3.33 25.00 0.0 0.00 0.50 -10.00 16.00 0.0 0.00 1.20 -0.20
3.34 25.00 0.0 0.00 0.50 -10.00 16.00 0.0 0.00 1.20 -0.20
3.35 25.00 0.0 0.00 0.50 -10.00 16.00 0.0 0.00 1.20 -0.20
3.36 25.00 0.0 0.00 0.50 -10.00 16.00 0.0 0.00 1.20 -0.20
3.37 25.00 0.0 0.00 0.50 -10.00 16.00 0.0 0.00 1.20 -0.20
3.38 25.00 0.0 0.00 0.50 -10.00 16.00 0.0 0.00 1.20 -0.20
3.39 25.00 0.0 0.00 0.50 -10.00 16.00 0.0 0.00 1.20 -0.20
3.40 25.00 0.0 0.00 0.50 -10.00 16.00 0.0 0.00 1.20 -0.20
3.41 25.00 0.0 0.00 0.50 -10.00 16.00 0.0 0.00 1.20 -0.19
3.42 25.00 0.0 0.00 0.50 -10.00 16.00 0.0 0.00 1.20 -0.18
3.43 25.00 0.0 0.00 0.50 -10.00 16.00 0.0 0.00 1.20 -0.17
3.44 25.00 0.0 0.00 0.50 -10.00 16.00 0.0 0.00 1.20 -0.16
3.45 25.00 0.0 0.00 0.50 -10.00 16.00 0.0 0.00 1.20 -0.15
3.46 25.00 0.0 0.00 0.50 -10.00 16.00 0.0 0.00 1.20 -0.14
3.47 25.00 0.0 0.00 0.50 -10.00 16.00 0.0 0.00 1.20 -0.13
3.48 25.00 0.0 0.00 0.50 -10.00 16.00 0.0 0.00 1.20 -0.12
3.49 25.00 0.0 0.00 0.50 -10.00 16.00 0.0 0.00 1.20 -0.11
3.50 25.00 0.0 0.00 0.50 -10.00 16.00 0.0 0.00 1.20 -0.10
3.51 25.00 0.0 0.00 0.50 -10.00 16.00 0.0 0.00 1.20 -0.10
3.52 25.00 0.0 0.00 0.50 -10.00 16.00 0.0 0.00 1.20 -0.10
3.53 25.00 0.0 0.00 0.50 -10.00 16.00 0.0 0.00 1.20 -0.10
3.54 25.00 0.0 0.00 0.50 -10.00 16.00 0.0 0.00 1.20 -0.10
3.55 25.00 0.0 0.00 0.50 -10.00 16.00 0.0 0.00 1.20 -0.10
3.56 25.00 0.0 0.00 0.50 -10.00 16.00 0.0 0.00 1.20 -0.10
3.57 25.00 0.0 0.00 0.50 -10.00 16.00 0.0 0.00 1.20 -0.10
3.58 25.00 0.0 0.00 0.50 -10.00 16.00 0.0 0.00 1.20 -0.10
3.59 25.00 0.0 0.00 0.50 -10.00 16.00 0.0 0.00 1.20 -0.10
3.60 25.00 0.0 0.00 0.50 -10.00 16.00 0.0 0.00 1.20 -0.10
3.61 25.00 0.0 0.00 0.50 -10.00 16.00 0.0 0.00 1.20 -0.10
3.62 25.00 0.0 0.00 0.50 -10.00 16.00 0.0 0.00 1.20 -0.10
3.63 25.00 0.0 0.00 0.50 -10.00 16.00 0.0 0.00 1.20 -0.10
3.64 25.00 0.0 0.00 0.50 -10.00 16.00 0.0 0.00 1.20 -0.10
3.65 25.00 0.0 0.00 0.50 -10.00 16.00 0.0 0.00 1.20 -0.10
3.66 25.00 0.0 0.00 0.50 -10.00 16.00 0.0 0.00 1.20 -0.10
3.67 25.00 0.0 0.00 0.50 -10.00 16.00 0.0 0.00 1.20 -0.10
3.68 25.00 0.0 0.00 0.50 -10.00 16.00 0.0 0.00 1.20 -0.10
3.69 25.00 0.0 0.00 0.50 -10.00 16.00 0.0 0.00 1.20 -0.10
3.70 25.00 0.0 0.00 0.50 -10.00 16.00 0.0 0.00 1.20 -0.10
3.71 25.05 0.0 0.00 0.45 -10.00 16.11 0.0 0.00 1.19 -0.10
3.72 25.10 0.0 0.00 0.40 -10.00 16.22 0.0 0.00 1.18 -0.10
3.73 25.15 0.0 0.00 0.35 -10.00 16.33 0.0 0.00 1.17 -0.10
3.74 25.20 0.0 0.00 0.30 -10.00 16.44 0.0 0.00 1.16 -0.10
3.75 25.25 0.0 0.00 0.25 -10.00 16.55 0.0 0.00 1.15 -0.10
3.76 25.30 0.0 0.00 0.20 -10.00 16.66 0.0 0.00 1.14 -0.10
3.77 25.35 0.0 0.00 0.15 -10.00 16.77 0.0 0.00 1.13 -0.10
3.78 25.40 0.0 0.00 0.10 -10.00 16.88 0.0 0.00 1.12 -0.10
3.79 25.45 0.0 0.00 0.05 -10.00 16.99 0.0 0.00 1.11 -0.10
3.80 25.50 0.0 0.00 0.00 -10.00 17.10 0.0 0.00 1.10 -0.10
3.81 25.50 0.0 0.00 0.00 -10.00 17.10 0.0 0.00 1.10 -0.10
3.82 25.50 0.0 0.00 0.00 -10.00 17.10 0.0 0.00 1.10 -0.10
3.83 25.50 0.0 0.00 0.00 -10.00 17.10 0.0 0.00 1.10 -0.10
3.84 25.50 0.0 0.00 0.00 -10.00 17.10 0.0 0.00 1.10 -0.10
3.85 25.50 0.0 0.00 0.00 -10.00 17.10 0.0 0.00 1.10 -0.10
3.86 25.50 0.0 0.00 0.00 -10.00 17.10 0.0 0.00 1.10 -0.10
3.87 25.50 0.0 0.00 0.00 -10.00 17.10 0.0 0.00 1.10 -0.10
3.88 25.50 0.0 0.00 0.00 -10.00 17.10 0.0 0.00 1.10 -0.10
3.89 25.50 0.0 0.00 0.00 -10.00 17.10 0.0 0.00 1.10 -0.10
3.90 25.50 0.0 0.00 0.00 -10.00 17.10 0.0 0.00 1.10 -0.10
3.91 25.50 0.0 0.00 0.00 -10.00 17.10 0.0 0.00 1.10 -0.10
3.92 25.50 0.0 0.00 0.00 -10.00 17.10 0.0 0.00 1.10 -0.10
3.93 25.50 0.0 0.00 0.00 -10.00 17.10 0.0 0.00 1.10 -0.10
3.94 25.50 0.0 0.00 0.00 -10.00 17.10 0.0 0.00 1.10 -0.10
3.95 25.50 0.0 0.00 0.00 -10.00 17.10 0.0 0.00 1.10 -0.10
3.96 25.50 0.0 0.00 0.00 -10.00 17.10 0.0 0.00 1.10 -0.10
3.97 25.50 0.0 0.00 0.00 -10.00 17.10 0.0 0.00 1.10 -0.10
3.98 25.50 0.0 0.00 0.00 -10.00 17.10 0.0 0.00 1.10 -0.10
3.99 25.50 0.0 0.00 0.00 -10.00 17.10 0.0 0.00 1.10 -0.10
4.00 25.50 0.0 0.00 0.00 -10.00 17.10 0.0 0.00 1.10 -0.10
4.01 25.50 0.0 0.00 0.00 -10.00 17.20 0.0 0.00 1.09 -0.10
4.02 25.50 0.0 0.00 0.00 -10.00 17.30 0.0 0.00 1.08 -0.10
4.03 25.50 0.0 0.00 0.00 -10.00 17.40 0.0 0.00 1.07 -0.10
4.04 25.50 0.0 0.00 0.00 -10.00 17.50 0.0 0.00 1.06 -0.10
4.05 25.50 0.0 0.00 0.00 -10.00 17.60 0.0 0.00 1.05 -0.10
4.06 25.50 0.0 0.00 0.00 -10.00 17.70 0.0 0.00 1.04 -0.10
4.07 25.50 0.0 0.00 0.00 -10.00 17.80 0.0 0.00 1.03 -0.10
4.08 25.50 0.0 0.00 0.00 -10.00 17.90 0.0 0.00 1.02 -0.10
4.09 25.50 0.0 0.00 0.00 -10.00 18.00 0.0 0.00 1.01 -0.10
4.10 25.50 0.0 0.00 0.00 -10.00 18.10 0.0 0.00 1.00 -0.10
4.11 25.50 0.0 0.00 0.00 -10.00 18.10 0.0 0.00 1.00 -0.10
4.12 25.50 0.0 0.00 0.00 -10.00 18.10 0.0 0.00 1.00 -0.10
4.13 25.50 0.0 0.00 0.00 -10.00 18.10 0.0 0.00 1.00 -0.10
4.14 25.50 0.0 0.00 0.00 -10.00 18.10 0.0 0.00 1.00 -0.10
4.15 25.50 0.0 0.00 0.00 -10.00 18.10 0.0 0.00 1.00 -0.10
4.16 25.50 0.0 0.00 0.00 -10.00 18.10 0.0 0.00 1.00 -0.10
4.17 25.50 0.0 0.00 0.00 -10.00 18.10 0.0 0.00 1.00 -0.10
4.18 25.50 0.0 0.00 0.00 -10.00 18.10 0.0 0.00 1.00 -0.10
4.19 25.50 0.0 0.00 0.00 -10.00 18.10 0.0 0.00 1.00 -0.10
4.20 25.50 0.0 0.00 0.00 -10.00 18.10 0.0 0.00 1.00 -0.10
4.21 25.50 0.0 0.00 0.00 -10.00 18.10 0.0 0.00 1.00 -0.10
4.22 25.50 0.0 0.00 0.00 -10.00 18.10 0.0 0.00 1.00 -0.10
4.23 25.50 0.0 0.00 0.00 -10.00 18.10 0.0 0.00 1.00 -0.10
4.24 25.50 0.0 0.00 0.00 -10.00 18.10 0.0 0.00 1.00 -0.10
4.25 25.50 0.0 0.00 0.00 -10.00 18.10 0.0 0.00 1.00 -0.10
4.26 25.50 0.0 0.00 0.00 -10.00 18.10 0.0 0.00 1.00 -0.10
4.27 25.50 0.0 0.00 0.00 -10.00 18.10 0.0 0.00 1.00 -0.10
4.28 25.50 0.0 0.00 0.00 -10.00 18.10 0.0 0.00 1.00 -0.10
4.29 25.50 0.0 0.00 0.00 -10.00 18.10 0.0 0.00 1.00 -0.10
4.30 25.50 0.0 0.00 0.00 -10.00 18.10 0.0 0.00 1.00 -0.10
4.31 25.50 0.0 0.00 0.00 -10.00 18.19 0.0 0.00 0.99 -0.10
4.32 25.50 0.0 0.00 0.00 -10.00 18.28 0.0 0.00 0.98 -0.10
4.33 25.50 0.0 0.00 0.00 -10.00 18.37 0.0 0.00 0.97 -0.10
4.34 25.50 0.0 0.00 0.00 -10.00 18.46 0.0 0.00 0.96 -0.10
4.35 25.50 0.0 0.00 0.00 -10.00 18.55 0.0 0.00 0.95 -0.10
4.36 25.50 0.0 0.00 0.00 -10.00 18.64 0.0 0.00 0.94 -0.10
4.37 25.50 0.0 0.00 0.00 -10.00 18.73 0.0 0.00 0.93 -0.10
4.38 25.50 0.0 0.00 0.00 -10.00 18.82 0.0 0.00 0.92 -0.10
4.39 25.50 0.0 0.00 0.00 -10.00 18.91 0.0 0.00 0.91 -0.10
4.40 25.50 0.0 0.00 0.00 -10.00 19.00 0.0 0.00 0.90 -0.10
4.41 25.50 0.0 0.00 0.00 -10.00 19.00 0.0 0.00 0.90 -0.10
4.42 25.50 0.0 0.00 0.00 -10.00 19.00 0.0 0.00 0.90 -0.10
4.43 25.50 0.0 0.00 0.00 -10.00 19.00 0.0 0.00 0.90 -0.10
4.44 25.50 0.0 0.00 0.00 -10.00 19.00 0.0 0.00 0.90 -0.10
4.45 25.50 0.0 0.00 0.00 -10.00 19.00 0.0 0.00 0.90 -0.10
4.46 25.50 0.0 0.00 0.00 -10.00 19.00 0.0 0.00 0.90 -0.10
4.47 25.50 0.0 0.00 0.00 -10.00 19.00 0.0 0.00 0.90 -0.10
4.48 25.50 0.0 0.00 0.00 -10.00 19.00 0.0 0.00 0.90 -0.10
4.49 25.50 0.0 0.00 0.00 -10.00 19.00 0.0 0.00 0.90 -0.10
4.50 25.50 0.0 0.00 0.00 -10.00 19.00 0.0 0.00 0.90 -0.10
4.51 25.50 0.0 0.00 0.00 -10.00 19.00 0.0 0.00 0.90 -0.10
4.52 25.50 0.0 0.00 0.00 -10.00 19.00 0.0 0.00 0.90 -0.10
4.53 25.50 0.0 0.00 0.00 -10.00 19.00 0.0 0.00 0.90 -0.10
4.54 25.50 0.0 0.00 0.00 -10.00 19.00 0.0 0.00 0.90 -0.10
4.55 25.50 0.0 0.00 0.00 -10.00 19.00 0.0 0.00 0.90 -0.10
4.56 25.50 0.0 0.00 0.00 -10.00 19.00 0.0 0.00 0.90 -0.10
4.57 25.50 0.0 0.00 0.00 -10.00 19.00 0.0 0.00 0.90 -0.10
4.58 25.50 0.0 0.00 0.00 -10.00 19.00 0.0 0.00 0.90 -0.10
4.59 25.50 0.0 0.00 0.00 -10.00 19.00 0.0 0.00 0.90 -0.10
4.60 25.50 0.0 0.00 0.00 -10.00 19.00 0.0 0.00 0.90 -0.10
4.61 25.50 0.0 0.00 0.00 -10.00 19.08 0.0 0.00 0.88 -0.10
4.62 25.50 0.0 0.00 0.00 -10.00 19.16 0.0 0.00 0.86 -0.10
4.63 25.50 0.0 0.00 0.00 -10.00 19.24 0.0 0.00 0.84 -0.10
4.64 25.50 0.0 0.00 0.00 -10.00 19.32 0.0 0.00 0.82 -0.10
4.65 25.50 0.0 0.00 0.00 -10.00 19.40 0.0 0.00 0.80 -0.10
4.66 25.50 0.0 0.00 0.00 -10.00 19.48 0.0 0.00 0.78 -0.10
4.67 25.50 0.0 0.00 0.00 -10.00 19.56 0.0 0.00 0.76 -0.10
4.68 25.50 0.0 0.00 0.00 -10.00 19.64 0.0 0.00 0.74 -0.10
4.69 25.50 0.0 0.00 0.00 -10.00 19.72 0.0 0.00 0.72 -0.10
4.70 25.50 0.0 0.00 0.00 -10.00 19.80 0.0 0.00 0.70 -0.10
4.71 25.50 0.0 0.00 0.00 -10.00 19.80 0.0 0.00 0.70 -0.10
4.72 25.50 0.0 0.00 0.00 -10.00 19.80 0.0 0.00 0.70 -0.10
4.73 25.50 0.0 0.00 0.00 -10.00 19.80 0.0 0.00 0.70 -0.10
4.74 25.50 0.0 0.00 0.00 -10.00 19.80 0.0 0.00 0.70 -0.10
4.75 25.50 0.0 0.00 0.00 -10.00 19.80 0.0 0.00 0.70 -0.10
4.76 25.50 0.0 0.00 0.00 -10.00 19.80 0.0 0.00 0.70 -0.10
4.77 25.50 0.0 0.00 0.00 -10.00 19.80 0.0 0.00 0.70 -0.10
4.78 25.50 0.0 0.00 0.00 -10.00 19.80 0.0 0.00 0.70 -0.10
4.79 25.50 0.0 0.00 0.00 -10.00 19.80 0.0 0.00 0.70 -0.10
4.80 25.50 0.0 0.00 0.00 -10.00 19.80 0.0 0.00 0.70 -0.10
4.81 25.50 0.0 0.00 0.00 -10.00 19.80 0.0 0.00 0.70 -0.10
4.82 25.50 0.0 0.00 0.00 -10.00 19.80 0.0 0.00 0.70 -0.10
4.83 25.50 0.0 0.00 0.00 -10.00 19.80 0.0 0.00 0.70 -0.10
4.84 25.50 0.0 0.00 0.00 -10.00 19.80 0.0 0.00 0.70 -0.10
4.85 25.50 0.0 0.00 0.00 -10.00 19.80 0.0 0.00 0.70 -0.10
4.86 25.50 0.0 0.00 0.00 -10.00 19.80 0.0 0.00 0.70 -0.10
4.87 25.50 0.0 0.00 0.00 -10.00 19.80 0.0 0.00 0.70 -0.10
4.88 25.50 0.0 0.00 0.00 -10.00 19.80 0.0 0.00 0.70 -0.10
4.89 25.50 0.0 0.00 0.00 -10.00 19.80 0.0 0.00 0.70 -0.10
4.90 25.50 0.0 0.00 0.00 -10.00 19.80 0.0 0.00 0.70 -0.10
4.91 25.50 0.0 0.00 0.00 -10.00 19.80 0.0 0.00 0.70 -0.10
4.92 25.50 0.0 0.00 0.00 -10.00 19.80 0.0 0.00 0.70 -0.10
4.93 25.50 0.0 0.00 0.00 -10.00 19.80 0.0 0.00 0.70 -0.10
4.94 25.50 0.0 0.00 0.00 -10.00 19.80 0.0 0.00 0.70 -0.10
4.95 25.50 0.0 0.00 0.00 -10.00 19.80 0.0 0.00 0.70 -0.10
4.96 25.50 0.0 0.00 0.00 -10.00 19.80 0.0 0.00 0.70 -0.10
4.97 25.50 0.0 0.00 0.00 -10.00 19.80 0.0 0.00 0.70 -0.10
4.98 25.50 0.0 0.00 0.00 -10.00 19.80 0.0 0.00 0.70 -0.10
4.99 25.50 0.0 0.00 0.00 -10.00 19.80 0.0 0.00 0.70 -0.10
5.00 25.50 0.0 0.00 0.00 -10.00 19.80 0.0 0.00 0.70 -0.10
5.01 25.50 0.0 0.00 0.00 -10.00 19.80 0.0 0.00 0.70 -0.09
5.02 25.50 0.0 0.00 0.00 -10.00 19.80 0.0 0.00 0.70 -0.08
5.03 25.50 0.0 0.00 0.00 -10.00 19.80 0.0 0.00 0.70 -0.07
5.04 25.50 0.0 0.00 0.00 -10.00 19.80 0.0 0.00 0.70 -0.06
5.05 25.50 0.0 0.00 0.00 -10.00 19.80 0.0 0.00 0.70 -0.05
5.06 25.50 0.0 0.00 0.00 -10.00 19.80 0.0 0.00 0.70 -0.04
5.07 25.50 0.0 0.00 0.00 -10.00 19.80 0.0 0.00 0.70 -0.03
5.08 25.50 0.0 0.00 0.00 -10.00 19.80 0.0 0.00 0.70 -0.02
5.09 25.50 0.0 0.00 0.00 -10.00 19.80 0.0 0.00 0.70 -0.01
5.10 25.50 0.0 0.00 0.00 -10.00 19.80 0.0 0.00 0.70 0.00
5.11 25.50 0.0 0.00 0.00 -10.00 19.80 0.0 0.00 0.70 0.00
5.12 25.50 0.0 0.00 0.00 -10.00 19.80 0.0 0.00 0.70 0.00
5.13 25.50 0.0 0.00 0.00 -10.00 19.80 0.0 0.00 0.70 0.00
5.14 25.50 0.0 0.00 0.00 -10.00 19.80 0.0 0.00 0.70 0.00
5.15 25.50 0.0 0.00 0.00 -10.00 19.80 0.0 0.00 0.70 0.00
5.16 25.50 0.0 0.00 0.00 -10.00 19.80 0.0 0.00 0.70 0.00
5.17 25.50 0.0 0.00 0.00 -10.00 19.80 0.0 0.00 0.70 0.00
5.18 25.50 0.0 0.00 0.00 -10.00 19.80 0.0 0.00 0.70 0.00
5.19 25.50 0.0 0.00 0.00 -10.00 19.80 0.0 0.00 0.70 0.00
5.20 25.50 0.0 0.00 0.00 -10.00 19.80 0.0 0.00 0.70 0.00
5.21 25.50 0.0 0.00 0.00 -10.00 19.80 0.0 0.00 0.70 0.00
5.22 25.50 0.0 0.00 0.00 -10.00 19.80 0.0 0.00 0.70 0.00
5.23 25.50 0.0 0.00 0.00 -10.00 19.80 0.0 0.00 0.70 0.00
5.24 25.50 0.0 0.00 0.00 -10.00 19.80 0.0 0.00 0.70 0.00
5.25 25.50 0.0 0.00 0.00 -10.00 19.80 0.0 0.00 0.70 0.00
5.26 25.50 0.0 0.00 0.00 -10.00 19.80 0.0 0.00 0.70 0.00
5.27 25.50 0.0 0.00 0.00 -10.00 19.80 0.0 0.00 0.70 0.00
5.28 25.50 0.0 0.00 0.00 -10.00 19.80 0.0 0.00 0.70 0.00
5.29 25.50 0.0 0.00 0.00 -10.00 19.80 0.0 0.00 0.70 0.00
5.30 25.50 0.0 0.00 0.00 -10.00 19.80 0.0 0.00 0.70 0.00
5.31 25.50 0.0 0.00 0.00 -10.00 19.87 0.0 0.00 0.70 0.00
5.32 25.50 0.0 0.00 0.00 -10.00 19.94 0.0 0.00 0.70 0.00
5.33 25.50 0.0 0.00 0.00 -10.00 20.01 0.0 0.00 0.70 0.00
5.34 25.50 0.0 0.00 0.00 -10.00 20.08 0.0 0.00 0.70 0.00
5.35 25.50 0.0 0.00 0.00 -10.00 20.15 0.0 0.00 0.70 0.00
5.36 25.50 0.0 0.00 0.00 -10.00 20.22 0.0 0.00 0.70 0.00
5.37 25.50 0.0 0.00 0.00 -10.00 20.29 0.0 0.00 0.70 0.00
5.38 25.50 0.0 0.00 0.00 -10.00 20.36 0.0 0.00 0.70 0.00
5.39 25.50 0.0 0.00 0.00 -10.00 20.43 0.0 0.00 0.70 0.00
5.40 25.50 0.0 0.00 0.00 -10.00 20.50 0.0 0.00 0.70 0.00
5.41 25.50 0.0 0.00 0.00 -10.00 20.50 0.0 0.00 0.70 0.00
5.42 25.50 0.0 0.00 0.00 -10.00 20.50 0.0 0.00 0.70 0.00
5.43 25.50 0.0 0.00 0.00 -10.00 20.50 0.0 0.00 0.70 0.00
5.44 25.50 0.0 0.00 0.00 -10.00 20.50 0.0 0.00 0.70 0.00
5.45 25.50 0.0 0.00 0.00 -10.00 20.50 0.0 0.00 0.70 0.00
5.46 25.50 0.0 0.00 0.00 -10.00 20.50 0.0 0.00 0.70 0.00
5.47 25.50 0.0 0.00 0.00 -10.00 20.50 0.0 0.00 0.70 0.00
5.48 25.50 0.0 0.00 0.00 -10.00 20.50 0.0 0.00 0.70 0.00
5.49 25.50 0.0 0.00 0.00 -10.00 20.50 0.0 0.00 0.70 0.00
5.50 25.50 0.0 0.00 0.00 -10.00 20.50 0.0 0.00 0.70 0.00
5.51 25.50 0.0 0.00 0.00 -10.00 20.50 0.0 0.00 0.70 0.00
5.52 25.50 0.0 0.00 0.00 -10.00 20.50 0.0 0.00 0.70 0.00
5.53 25.50 0.0 0.00 0.00 -10.00 20.50 0.0 0.00 0.70 0.00
5.54 25.50 0.0 0.00 0.00 -10.00 20.50 0.0 0.00 0.70 0.00
5.55 25.50 0.0 0.00 0.00 -10.00 20.50 0.0 0.00 0.70 0.00
5.56 25.50 0.0 0.00 0.00 -10.00 20.50 0.0 0.00 0.70 0.00
5.57 25.50 0.0 0.00 0.00 -10.00 20.50 0.0 0.00 0.70 0.00
5.58 25.50 0.0 0.00 0.00 -10.00 20.50 0.0 0.00 0.70 0.00
5.59 25.50 0.0 0.00 0.00 -10.00 20.50 0.0 0.00 0.70 0.00
5.60 25.50 0.0 0.00 0.00 -10.00 20.50 0.0 0.00 0.70 0.00
5.61 25.50 0.0 0.00 0.00 -10.00 20.57 0.0 0.00 0.70 0.00
5.62 25.50 0.0 0.00 0.00 -10.00 20.64 0.0 0.00 0.70 0.00
5.63 25.50 0.0 0.00 0.00 -10.00 20.71 0.0 0.00 0.70 0.00
5.64 25.50 0.0 0.00 0.00 -10.00 20.78 0.0 0.00 0.70 0.00
5.65 25.50 0.0 0.00 0.00 -10.00 20.85 0.0 0.00 0.70 0.00
5.66 25.50 0.0 0.00 0.00 -10.00 20.92 0.0 0.00 0.70 0.00
5.67 25.50 0.0 0.00 0.00 -10.00 20.99 0.0 0.00 0.70 0.00
5.68 25.50 0.0 0.00 0.00 -10.00 21.06 0.0 0.00 0.70 0.00
5.69 25.50 0.0 0.00 0.00 -10.00 21.13 0.0 0.00 0.70 0.00
5.70 25.50 0.0 0.00 0.00 -10.00 21.20 0.0 0.00 0.70 0.00