0.00 15.00 0.0 0.00 0.00 0.00 0.00 0.0 0.00 3.00 0.00
0.01 15.00 0.0 0.00 0.00 0.00 0.00 0.0 0.00 3.00 0.00
0.02 15.00 0.0 0.00 0.00 0.00 0.00 0.0 0.00 3.00 0.00
0.03 15.00 0.0 0.00 0.00 0.00 0.00 0.0 0.00 3.00 0.00
0.04 15.00 0.0 0.00 0.00 0.00 0.00 0.0 0.00 3.00 0.00
0.05 15.00 0.0 0.00 0.00 0.00 0.00 0.0 0.00 3.00 0.00
0.06 15.00 0.0 0.00 0.00 0.00 0.00 0.0 0.00 3.00 0.00
0.07 15.00 0.0 0.00 0.00 0.00 0.00 0.0 0.00 3.00 0.00
0.08 15.00 0.0 0.00 0.00 0.00 0.00 0.0 0.00 3.00 0.00
0.09 15.00 0.0 0.00 0.00 0.00 0.00 0.0 0.00 3.00 0.00
0.10 15.00 0.0 0.00 0.00 0.00 0.00 0.0 0.00 3.00 0.00
0.11 15.00 0.0 0.00 0.05 -0.60 0.29 0.0 0.00 3.00 0.00
0.12 15.00 0.0 0.00 0.10 -1.20 0.58 0.0 0.00 3.00 0.00
0.13 15.00 0.0 0.00 0.15 -1.80 0.87 0.0 0.00 3.00 0.00
0.14 15.00 0.0 0.00 0.20 -2.40 1.16 0.0 0.00 3.00 0.00
0.15 15.00 0.0 0.00 0.25 -3.00 1.45 0.0 0.00 3.00 0.00
0.16 15.00 0.0 0.00 0.30 -3.60 1.74 0.0 0.00 3.00 0.00
0.17 15.00 0.0 0.00 0.35 -4.20 2.03 0.0 0.00 3.00 0.00
0.18 15.00 0.0 0.00 0.40 -4.80 2.32 0.0 0.00 3.00 0.00
0.19 15.00 0.0 0.00 0.45 -5.40 2.61 0.0 0.00 3.00 0.00
0.20 15.00 0.0 0.00 0.50 -6.00 2.90 0.0 0.00 3.00 0.00
0.21 15.00 0.0 0.00 0.50 -6.00 2.90 0.0 0.00 3.00 0.00
0.22 15.00 0.0 0.00 0.50 -6.00 2.90 0.0 0.00 3.00 0.00
0.23 15.00 0.0 0.00 0.50 -6.00 2.90 0.0 0.00 3.00 0.00
0.24 15.00 0.0 0.00 0.50 -6.00 2.90 0.0 0.00 3.00 0.00
0.25 15.00 0.0 0.00 0.50 -6.00 2.90 0.0 0.00 3.00 0.00
0.26 15.00 0.0 0.00 0.50 -6.00 2.90 0.0 0.00 3.00 0.00
0.27 15.00 0.0 0.00 0.50 -6.00 2.90 0.0 0.00 3.00 0.00
0.28 15.00 0.0 0.00 0.50 -6.00 2.90 0.0 0.00 3.00 0.00
0.29 15.00 0.0 0.00 0.50 -6.00 2.90 0.0 0.00 3.00 0.00
0.30 15.00 0.0 0.00 0.50 -6.00 2.90 0.0 0.00 3.00 0.00
0.31 15.00 0.0 0.00 0.50 -6.00 2.90 0.0 0.00 3.00 0.00
0.32 15.00 0.0 0.00 0.50 -6.00 2.90 0.0 0.00 3.00 0.00
0.33 15.00 0.0 0.00 0.50 -6.00 2.90 0.0 0.00 3.00 0.00
0.34 15.00 0.0 0.00 0.50 -6.00 2.90 0.0 0.00 3.00 0.00
0.35 15.00 0.0 0.00 0.50 -6.00 2.90 0.0 0.00 3.00 0.00
0.36 15.00 0.0 0.00 0.50 -6.00 2.90 0.0 0.00 3.00 0.00
0.37 15.00 0.0 0.00 0.50 -6.00 2.90 0.0 0.00 3.00 0.00
0.38 15.00 0.0 0.00 0.50 -6.00 2.90 0.0 0.00 3.00 0.00
0.39 15.00 0.0 0.00 0.50 -6.00 2.90 0.0 0.00 3.00 0.00
0.40 15.00 0.0 0.00 0.50 -6.00 2.90 0.0 0.00 3.00 0.00
0.41 15.00 0.0 0.00 0.50 -6.00 2.90 0.0 0.00 3.00 0.00
0.42 15.00 0.0 0.00 0.50 -6.00 2.90 0.0 0.00 3.00 0.00
0.43 15.00 0.0 0.00 0.50 -6.00 2.90 0.0 0.00 3.00 0.00
0.44 15.00 0.0 0.00 0.50 -6.00 2.90 0.0 0.00 3.00 0.00
0.45 15.00 0.0 0.00 0.50 -6.00 2.90 0.0 0.00 3.00 0.00
0.46 15.00 0.0 0.00 0.50 -6.00 2.90 0.0 0.00 3.00 0.00
0.47 15.00 0.0 0.00 0.50 -6.00 2.90 0.0 0.00 3.00 0.00
0.48 15.00 0.0 0.00 0.50 -6.00 2.90 0.0 0.00 3.00 0.00
0.49 15.00 0.0 0.00 0.50 -6.00 2.90 0.0 0.00 3.00 0.00
0.50 15.00 0.0 0.00 0.50 -6.00 2.90 0.0 0.00 3.00 0.00
0.51 15.00 0.0 0.00 0.50 -6.00 2.90 0.0 0.00 3.00 0.03
0.52 15.00 0.0 0.00 0.50 -6.00 2.90 0.0 0.00 3.00 0.06
0.53 15.00 0.0 0.00 0.50 -6.00 2.90 0.0 0.00 3.00 0.09
0.54 15.00 0.0 0.00 0.50 -6.00 2.90 0.0 0.00 3.00 0.12
0.55 15.00 0.0 0.00 0.50 -6.00 2.90 0.0 0.00 3.00 0.15
0.56 15.00 0.0 0.00 0.50 -6.00 2.90 0.0 0.00 3.00 0.18
0.57 15.00 0.0 0.00 0.50 -6.00 2.90 0.0 0.00 3.00 0.21
0.58 15.00 0.0 0.00 0.50 -6.00 2.90 0.0 0.00 3.00 0.24
0.59 15.00 0.0 0.00 0.50 -6.00 2.90 0.0 0.00 3.00 0.27
0.60 15.00 0.0 0.00 0.50 -6.00 2.90 0.0 0.00 3.00 0.30
0.61 15.00 0.0 0.00 0.50 -6.00 2.90 0.0 0.00 3.00 0.30
0.62 15.00 0.0 0.00 0.50 -6.00 2.90 0.0 0.00 3.00 0.30
0.63 15.00 0.0 0.00 0.50 -6.00 2.90 0.0 0.00 3.00 0.30
0.64 15.00 0.0 0.00 0.50 -6.00 2.90 0.0 0.00 3.00 0.30
0.65 15.00 0.0 0.00 0.50 -6.00 2.90 0.0 0.00 3.00 0.30
0.66 15.00 0.0 0.00 0.50 -6.00 2.90 0.0 0.00 3.00 0.30
0.67 15.00 0.0 0.00 0.50 -6.00 2.90 0.0 0.00 3.00 0.30
0.68 15.00 0.0 0.00 0.50 -6.00 2.90 0.0 0.00 3.00 0.30
0.69 15.00 0.0 0.00 0.50 -6.00 2.90 0.0 0.00 3.00 0.30
0.70 15.00 0.0 0.00 0.50 -6.00 2.90 0.0 0.00 3.00 0.30
0.71 15.00 0.0 0.00 0.50 -6.00 2.90 0.0 0.00 3.00 0.30
0.72 15.00 0.0 0.00 0.50 -6.00 2.90 0.0 0.00 3.00 0.30
0.73 15.00 0.0 0.00 0.50 -6.00 2.90 0.0 0.00 3.00 0.30
0.74 15.00 0.0 0.00 0.50 -6.00 2.90 0.0 0.00 3.00 0.30
0.75 15.00 0.0 0.00 0.50 -6.00 2.90 0.0 0.00 3.00 0.30
0.76 15.00 0.0 0.00 0.50 -6.00 2.90 0.0 0.00 3.00 0.30
0.77 15.00 0.0 0.00 0.50 -6.00 2.90 0.0 0.00 3.00 0.30
0.78 15.00 0.0 0.00 0.50 -6.00 2.90 0.0 0.00 3.00 0.30
0.79 15.00 0.0 0.00 0.50 -6.00 2.90 0.0 0.00 3.00 0.30
0.80 15.00 0.0 0.00 0.50 -6.00 2.90 0.0 0.00 3.00 0.30
0.81 15.05 0.0 0.00 0.50 -6.00 3.21 0.0 0.00 3.03 0.30
0.82 15.10 0.0 0.00 0.50 -6.00 3.52 0.0 0.00 3.06 0.30
0.83 15.15 0.0 0.00 0.50 -6.00 3.83 0.0 0.00 3.09 0.30
0.84 15.20 0.0 0.00 0.50 -6.00 4.14 0.0 0.00 3.12 0.30
0.85 15.25 0.0 0.00 0.50 -6.00 4.45 0.0 0.00 3.15 0.30
0.86 15.30 0.0 0.00 0.50 -6.00 4.76 0.0 0.00 3.18 0.30
0.87 15.35 0.0 0.00 0.50 -6.00 5.07 0.0 0.00 3.21 0.30
0.88 15.40 0.0 0.00 0.50 -6.00 5.38 0.0 0.00 3.24 0.30
0.89 15.45 0.0 0.00 0.50 -6.00 5.69 0.0 0.00 3.27 0.30
0.90 15.50 0.0 0.00 0.50 -6.00 6.00 0.0 0.00 3.30 0.30
0.91 15.50 0.0 0.00 0.50 -6.00 6.00 0.0 0.00 3.30 0.30
0.92 15.50 0.0 0.00 0.50 -6.00 6.00 0.0 0.00 3.30 0.30
0.93 15.50 0.0 0.00 0.50 -6.00 6.00 0.0 0.00 3.30 0.30
0.94 15.50 0.0 0.00 0.50 -6.00 6.00 0.0 0.00 3.30 0.30
0.95 15.50 0.0 0.00 0.50 -6.00 6.00 0.0 0.00 3.30 0.30
0.96 15.50 0.0 0.00 0.50 -6.00 6.00 0.0 0.00 3.30 0.30
0.97 15.50 0.0 0.00 0.50 -6.00 6.00 0.0 0.00 3.30 0.30
0.98 15.50 0.0 0.00 0.50 -6.00 6.00 0.0 0.00 3.30 0.30
0.99 15.50 0.0 0.00 0.50 -6.00 6.00 0.0 0.00 3.30 0.30
1.00 15.50 0.0 0.00 0.50 -6.00 6.00 0.0 0.00 3.30 0.30
1.01 15.50 0.0 0.00 0.50 -6.00 6.00 0.0 0.00 3.30 0.30
1.02 15.50 0.0 0.00 0.50 -6.00 6.00 0.0 0.00 3.30 0.30
1.03 15.50 0.0 0.00 0.50 -6.00 6.00 0.0 0.00 3.30 0.30
1.04 15.50 0.0 0.00 0.50 -6.00 6.00 0.0 0.00 3.30 0.30
1.05 15.50 0.0 0.00 0.50 -6.00 6.00 0.0 0.00 3.30 0.30
1.06 15.50 0.0 0.00 0.50 -6.00 6.00 0.0 0.00 3.30 0.30
1.07 15.50 0.0 0.00 0.50 -6.00 6.00 0.0 0.00 3.30 0.30
1.08 15.50 0.0 0.00 0.50 -6.00 6.00 0.0 0.00 3.30 0.30
1.09 15.50 0.0 0.00 0.50 -6.00 6.00 0.0 0.00 3.30 0.30
1.10 15.50 0.0 0.00 0.50 -6.00 6.00 0.0 0.00 3.30 0.30
1.11 15.55 0.0 0.00 0.50 -6.00 6.34 0.0 0.00 3.33 0.30
1.12 15.60 0.0 0.00 0.50 -6.00 6.68 0.0 0.00 3.36 0.30
1.13 15.65 0.0 0.00 0.50 -6.00 7.02 0.0 0.00 3.39 0.30
1.14 15.70 0.0 0.00 0.50 -6.00 7.36 0.0 0.00 3.42 0.30
1.15 15.75 0.0 0.00 0.50 -6.00 7.70 0.0 0.00 3.45 0.30
1.16 15.80 0.0 0.00 0.50 -6.00 8.04 0.0 0.00 3.48 0.30
1.17 15.85 0.0 0.00 0.50 -6.00 8.38 0.0 0.00 3.51 0.30
1.18 15.90 0.0 0.00 0.50 -6.00 8.72 0.0 0.00 3.54 0.30
1.19 15.95 0.0 0.00 0.50 -6.00 9.06 0.0 0.00 3.57 0.30
1.20 16.00 0.0 0.00 0.50 -6.00 9.40 0.0 0.00 3.60 0.30
1.21 16.00 0.0 0.00 0.50 -6.00 9.40 0.0 0.00 3.60 0.30
1.22 16.00 0.0 0.00 0.50 -6.00 9.40 0.0 0.00 3.60 0.30
1.23 16.00 0.0 0.00 0.50 -6.00 9.40 0.0 0.00 3.60 0.30
1.24 16.00 0.0 0.00 0.50 -6.00 9.40 0.0 0.00 3.60 0.30
1.25 16.00 0.0 0.00 0.50 -6.00 9.40 0.0 0.00 3.60 0.30
1.26 16.00 0.0 0.00 0.50 -6.00 9.40 0.0 0.00 3.60 0.30
1.27 16.00 0.0 0.00 0.50 -6.00 9.40 0.0 0.00 3.60 0.30
1.28 16.00 0.0 0.00 0.50 -6.00 9.40 0.0 0.00 3.60 0.30
1.29 16.00 0.0 0.00 0.50 -6.00 9.40 0.0 0.00 3.60 0.30
1.30 16.00 0.0 0.00 0.50 -6.00 9.40 0.0 0.00 3.60 0.30
1.31 16.00 0.0 0.00 0.50 -6.00 9.40 0.0 0.00 3.60 0.30
1.32 16.00 0.0 0.00 0.50 -6.00 9.40 0.0 0.00 3.60 0.30
1.33 16.00 0.0 0.00 0.50 -6.00 9.40 0.0 0.00 3.60 0.30
1.34 16.00 0.0 0.00 0.50 -6.00 9.40 0.0 0.00 3.60 0.30
1.35 16.00 0.0 0.00 0.50 -6.00 9.40 0.0 0.00 3.60 0.30
1.36 16.00 0.0 0.00 0.50 -6.00 9.40 0.0 0.00 3.60 0.30
1.37 16.00 0.0 0.00 0.50 -6.00 9.40 0.0 0.00 3.60 0.30
1.38 16.00 0.0 0.00 0.50 -6.00 9.40 0.0 0.00 3.60 0.30
1.39 16.00 0.0 0.00 0.50 -6.00 9.40 0.0 0.00 3.60 0.30
1.40 16.00 0.0 0.00 0.50 -6.00 9.40 0.0 0.00 3.60 0.30
1.41 16.05 0.0 0.00 0.50 -6.00 9.77 0.0 0.00 3.63 0.30
1.42 16.10 0.0 0.00 0.50 -6.00 10.14 0.0 0.00 3.66 0.30
1.43 16.15 0.0 0.00 0.50 -6.00 10.51 0.0 0.00 3.69 0.30
1.44 16.20 0.0 0.00 0.50 -6.00 10.88 0.0 0.00 3.72 0.30
1.45 16.25 0.0 0.00 0.50 -6.00 11.25 0.0 0.00 3.75 0.30
1.46 16.30 0.0 0.00 0.50 -6.00 11.62 0.0 0.00 3.78 0.30
1.47 16.35 0.0 0.00 0.50 -6.00 11.99 0.0 0.00 3.81 0.30
1.48 16.40 0.0 0.00 0.50 -6.00 12.36 0.0 0.00 3.84 0.30
1.49 16.45 0.0 0.00 0.50 -6.00 12.73 0.0 0.00 3.87 0.30
1.50 16.50 0.0 0.00 0.50 -6.00 13.10 0.0 0.00 3.90 0.30