0.00 10.00 0.0 0.00 0.00 0.00 0.00 0.0 0.00 2.50 0.00
0.01 10.00 0.0 0.00 0.00 0.00 0.00 0.0 0.00 2.50 0.00
0.02 10.00 0.0 0.00 0.00 0.00 0.00 0.0 0.00 2.50 0.00
0.03 10.00 0.0 0.00 0.00 0.00 0.00 0.0 0.00 2.50 0.00
0.04 10.00 0.0 0.00 0.00 0.00 0.00 0.0 0.00 2.50 0.00
0.05 10.00 0.0 0.00 0.00 0.00 0.00 0.0 0.00 2.50 0.00
0.06 10.00 0.0 0.00 0.00 0.00 0.00 0.0 0.00 2.50 0.00
0.07 10.00 0.0 0.00 0.00 0.00 0.00 0.0 0.00 2.50 0.00
0.08 10.00 0.0 0.00 0.00 0.00 0.00 0.0 0.00 2.50 0.00
0.09 10.00 0.0 0.00 0.00 0.00 0.00 0.0 0.00 2.50 0.00
0.10 10.00 0.0 0.00 0.00 0.00 0.00 0.0 0.00 2.50 0.00
0.11 10.00 0.0 0.00 0.05 -0.60 0.24 0.0 0.00 2.50 0.00
0.12 10.00 0.0 0.00 0.10 -1.20 0.48 0.0 0.00 2.50 0.00
0.13 10.00 0.0 0.00 0.15 -1.80 0.72 0.0 0.00 2.50 0.00
0.14 10.00 0.0 0.00 0.20 -2.40 0.96 0.0 0.00 2.50 0.00
0.15 10.00 0.0 0.00 0.25 -3.00 1.20 0.0 0.00 2.50 0.00
0.16 10.00 0.0 0.00 0.30 -3.60 1.44 0.0 0.00 2.50 0.00
0.17 10.00 0.0 0.00 0.35 -4.20 1.68 0.0 0.00 2.50 0.00
0.18 10.00 0.0 0.00 0.40 -4.80 1.92 0.0 0.00 2.50 0.00
0.19 10.00 0.0 0.00 0.45 -5.40 2.16 0.0 0.00 2.50 0.00
0.20 10.00 0.0 0.00 0.50 -6.00 2.40 0.0 0.00 2.50 0.00
0.21 10.00 0.0 0.00 0.50 -6.00 2.40 0.0 0.00 2.50 0.00
0.22 10.00 0.0 0.00 0.50 -6.00 2.40 0.0 0.00 2.50 0.00
0.23 10.00 0.0 0.00 0.50 -6.00 2.40 0.0 0.00 2.50 0.00
0.24 10.00 0.0 0.00 0.50 -6.00 2.40 0.0 0.00 2.50 0.00
0.25 10.00 0.0 0.00 0.50 -6.00 2.40 0.0 0.00 2.50 0.00
0.26 10.00 0.0 0.00 0.50 -6.00 2.40 0.0 0.00 2.50 0.00
0.27 10.00 0.0 0.00 0.50 -6.00 2.40 0.0 0.00 2.50 0.00
0.28 10.00 0.0 0.00 0.50 -6.00 2.40 0.0 0.00 2.50 0.00
0.29 10.00 0.0 0.00 0.50 -6.00 2.40 0.0 0.00 2.50 0.00
0.30 10.00 0.0 0.00 0.50 -6.00 2.40 0.0 0.00 2.50 0.00
0.31 10.00 0.0 0.00 0.50 -6.00 2.40 0.0 0.00 2.50 0.00
0.32 10.00 0.0 0.00 0.50 -6.00 2.40 0.0 0.00 2.50 0.00
0.33 10.00 0.0 0.00 0.50 -6.00 2.40 0.0 0.00 2.50 0.00
0.34 10.00 0.0 0.00 0.50 -6.00 2.40 0.0 0.00 2.50 0.00
0.35 10.00 0.0 0.00 0.50 -6.00 2.40 0.0 0.00 2.50 0.00
0.36 10.00 0.0 0.00 0.50 -6.00 2.40 0.0 0.00 2.50 0.00
0.37 10.00 0.0 0.00 0.50 -6.00 2.40 0.0 0.00 2.50 0.00
0.38 10.00 0.0 0.00 0.50 -6.00 2.40 0.0 0.00 2.50 0.00
0.39 10.00 0.0 0.00 0.50 -6.00 2.40 0.0 0.00 2.50 0.00
0.40 10.00 0.0 0.00 0.50 -6.00 2.40 0.0 0.00 2.50 0.00
0.41 10.00 0.0 0.00 0.50 -6.00 2.40 0.0 0.00 2.50 0.00
0.42 10.00 0.0 0.00 0.50 -6.00 2.40 0.0 0.00 2.50 0.00
0.43 10.00 0.0 0.00 0.50 -6.00 2.40 0.0 0.00 2.50 0.00
0.44 10.00 0.0 0.00 0.50 -6.00 2.40 0.0 0.00 2.50 0.00
0.45 10.00 0.0 0.00 0.50 -6.00 2.40 0.0 0.00 2.50 0.00
0.46 10.00 0.0 0.00 0.50 -6.00 2.40 0.0 0.00 2.50 0.00
0.47 10.00 0.0 0.00 0.50 -6.00 2.40 0.0 0.00 2.50 0.00
0.48 10.00 0.0 0.00 0.50 -6.00 2.40 0.0 0.00 2.50 0.00
0.49 10.00 0.0 0.00 0.50 -6.00 2.40 0.0 0.00 2.50 0.00
0.50 10.00 0.0 0.00 0.50 -6.00 2.40 0.0 0.00 2.50 0.00
0.51 10.00 0.0 0.00 0.50 -6.00 2.40 0.0 0.00 2.50 -0.03
0.52 10.00 0.0 0.00 0.50 -6.00 2.40 0.0 0.00 2.50 -0.06
0.53 10.00 0.0 0.00 0.50 -6.00 2.40 0.0 0.00 2.50 -0.09
0.54 10.00 0.0 0.00 0.50 -6.00 2.40 0.0 0.00 2.50 -0.12
0.55 10.00 0.0 0.00 0.50 -6.00 2.40 0.0 0.00 2.50 -0.15
0.56 10.00 0.0 0.00 0.50 -6.00 2.40 0.0 0.00 2.50 -0.18
0.57 10.00 0.0 0.00 0.50 -6.00 2.40 0.0 0.00 2.50 -0.21
0.58 10.00 0.0 0.00 0.50 -6.00 2.40 0.0 0.00 2.50 -0.24
0.59 10.00 0.0 0.00 0.50 -6.00 2.40 0.0 0.00 2.50 -0.27
0.60 10.00 0.0 0.00 0.50 -6.00 2.40 0.0 0.00 2.50 -0.30
0.61 10.00 0.0 0.00 0.50 -6.00 2.40 0.0 0.00 2.50 -0.30
0.62 10.00 0.0 0.00 0.50 -6.00 2.40 0.0 0.00 2.50 -0.30
0.63 10.00 0.0 0.00 0.50 -6.00 2.40 0.0 0.00 2.50 -0.30
0.64 10.00 0.0 0.00 0.50 -6.00 2.40 0.0 0.00 2.50 -0.30
0.65 10.00 0.0 0.00 0.50 -6.00 2.40 0.0 0.00 2.50 -0.30
0.66 10.00 0.0 0.00 0.50 -6.00 2.40 0.0 0.00 2.50 -0.30
0.67 10.00 0.0 0.00 0.50 -6.00 2.40 0.0 0.00 2.50 -0.30
0.68 10.00 0.0 0.00 0.50 -6.00 2.40 0.0 0.00 2.50 -0.30
0.69 10.00 0.0 0.00 0.50 -6.00 2.40 0.0 0.00 2.50 -0.30
0.70 10.00 0.0 0.00 0.50 -6.00 2.40 0.0 0.00 2.50 -0.30
0.71 10.00 0.0 0.00 0.50 -6.00 2.40 0.0 0.00 2.50 -0.30
0.72 10.00 0.0 0.00 0.50 -6.00 2.40 0.0 0.00 2.50 -0.30
0.73 10.00 0.0 0.00 0.50 -6.00 2.40 0.0 0.00 2.50 -0.30
0.74 10.00 0.0 0.00 0.50 -6.00 2.40 0.0 0.00 2.50 -0.30
0.75 10.00 0.0 0.00 0.50 -6.00 2.40 0.0 0.00 2.50 -0.30
0.76 10.00 0.0 0.00 0.50 -6.00 2.40 0.0 0.00 2.50 -0.30
0.77 10.00 0.0 0.00 0.50 -6.00 2.40 0.0 0.00 2.50 -0.30
0.78 10.00 0.0 0.00 0.50 -6.00 2.40 0.0 0.00 2.50 -0.30
0.79 10.00 0.0 0.00 0.50 -6.00 2.40 0.0 0.00 2.50 -0.30
0.80 10.00 0.0 0.00 0.50 -6.00 2.40 0.0 0.00 2.50 -0.30
0.81 10.05 0.0 0.00 0.50 -6.00 2.63 0.0 0.00 2.46 -0.30
0.82 10.10 0.0 0.00 0.50 -6.00 2.86 0.0 0.00 2.42 -0.30
0.83 10.15 0.0 0.00 0.50 -6.00 3.09 0.0 0.00 2.38 -0.30
0.84 10.20 0.0 0.00 0.50 -6.00 3.32 0.0 0.00 2.34 -0.30
0.85 10.25 0.0 0.00 0.50 -6.00 3.55 0.0 0.00 2.30 -0.30
0.86 10.30 0.0 0.00 0.50 -6.00 3.78 0.0 0.00 2.26 -0.30
0.87 10.35 0.0 0.00 0.50 -6.00 4.01 0.0 0.00 2.22 -0.30
0.88 10.40 0.0 0.00 0.50 -6.00 4.24 0.0 0.00 2.18 -0.30
0.89 10.45 0.0 0.00 0.50 -6.00 4.47 0.0 0.00 2.14 -0.30
0.90 10.50 0.0 0.00 0.50 -6.00 4.70 0.0 0.00 2.10 -0.30
0.91 10.50 0.0 0.00 0.50 -6.00 4.70 0.0 0.00 2.10 -0.30
0.92 10.50 0.0 0.00 0.50 -6.00 4.70 0.0 0.00 2.10 -0.30
0.93 10.50 0.0 0.00 0.50 -6.00 4.70 0.0 0.00 2.10 -0.30
0.94 10.50 0.0 0.00 0.50 -6.00 4.70 0.0 0.00 2.10 -0.30
0.95 10.50 0.0 0.00 0.50 -6.00 4.70 0.0 0.00 2.10 -0.30
0.96 10.50 0.0 0.00 0.50 -6.00 4.70 0.0 0.00 2.10 -0.30
0.97 10.50 0.0 0.00 0.50 -6.00 4.70 0.0 0.00 2.10 -0.30
0.98 10.50 0.0 0.00 0.50 -6.00 4.70 0.0 0.00 2.10 -0.30
0.99 10.50 0.0 0.00 0.50 -6.00 4.70 0.0 0.00 2.10 -0.30
1.00 10.50 0.0 0.00 0.50 -6.00 4.70 0.0 0.00 2.10 -0.30
1.01 10.50 0.0 0.00 0.50 -6.00 4.70 0.0 0.00 2.10 -0.30
1.02 10.50 0.0 0.00 0.50 -6.00 4.70 0.0 0.00 2.10 -0.30
1.03 10.50 0.0 0.00 0.50 -6.00 4.70 0.0 0.00 2.10 -0.30
1.04 10.50 0.0 0.00 0.50 -6.00 4.70 0.0 0.00 2.10 -0.30
1.05 10.50 0.0 0.00 0.50 -6.00 4.70 0.0 0.00 2.10 -0.30
1.06 10.50 0.0 0.00 0.50 -6.00 4.70 0.0 0.00 2.10 -0.30
1.07 10.50 0.0 0.00 0.50 -6.00 4.70 0.0 0.00 2.10 -0.30
1.08 10.50 0.0 0.00 0.50 -6.00 4.70 0.0 0.00 2.10 -0.30
1.09 10.50 0.0 0.00 0.50 -6.00 4.70 0.0 0.00 2.10 -0.30
1.10 10.50 0.0 0.00 0.50 -6.00 4.70 0.0 0.00 2.10 -0.30
1.11 10.55 0.0 0.00 0.50 -6.00 4.89 0.0 0.00 2.07 -0.30
1.12 10.60 0.0 0.00 0.50 -6.00 5.08 0.0 0.00 2.04 -0.30
1.13 10.65 0.0 0.00 0.50 -6.00 5.27 0.0 0.00 2.01 -0.30
1.14 10.70 0.0 0.00 0.50 -6.00 5.46 0.0 0.00 1.98 -0.30
1.15 10.75 0.0 0.00 0.50 -6.00 5.65 0.0 0.00 1.95 -0.30
1.16 10.80 0.0 0.00 0.50 -6.00 5.84 0.0 0.00 1.92 -0.30
1.17 10.85 0.0 0.00 0.50 -6.00 6.03 0.0 0.00 1.89 -0.30
1.18 10.90 0.0 0.00 0.50 -6.00 6.22 0.0 0.00 1.86 -0.30
1.19 10.95 0.0 0.00 0.50 -6.00 6.41 0.0 0.00 1.83 -0.30
1.20 11.00 0.0 0.00 0.50 -6.00 6.60 0.0 0.00 1.80 -0.30