0.00 8.00 0.0 0.00 0.00 0.00 0.00 0.0 0.00 2.50 0.00
0.01 8.00 0.0 0.00 0.00 0.00 0.00 0.0 0.00 2.50 0.00
0.02 8.00 0.0 0.00 0.00 0.00 0.00 0.0 0.00 2.50 0.00
0.03 8.00 0.0 0.00 0.00 0.00 0.00 0.0 0.00 2.50 0.00
0.04 8.00 0.0 0.00 0.00 0.00 0.00 0.0 0.00 2.50 0.00
0.05 8.00 0.0 0.00 0.00 0.00 0.00 0.0 0.00 2.50 0.00
0.06 8.00 0.0 0.00 0.00 0.00 0.00 0.0 0.00 2.50 0.00
0.07 8.00 0.0 0.00 0.00 0.00 0.00 0.0 0.00 2.50 0.00
0.08 8.00 0.0 0.00 0.00 0.00 0.00 0.0 0.00 2.50 0.00
0.09 8.00 0.0 0.00 0.00 0.00 0.00 0.0 0.00 2.50 0.00
0.10 8.00 0.0 0.00 0.00 0.00 0.00 0.0 0.00 2.50 0.00
0.11 8.00 0.0 0.00 0.05 -0.60 0.24 0.0 0.00 2.50 0.00
0.12 8.00 0.0 0.00 0.10 -1.20 0.48 0.0 0.00 2.50 0.00
0.13 8.00 0.0 0.00 0.15 -1.80 0.72 0.0 0.00 2.50 0.00
0.14 8.00 0.0 0.00 0.20 -2.40 0.96 0.0 0.00 2.50 0.00
0.15 8.00 0.0 0.00 0.25 -3.00 1.20 0.0 0.00 2.50 0.00
0.16 8.00 0.0 0.00 0.30 -3.60 1.44 0.0 0.00 2.50 0.00
0.17 8.00 0.0 0.00 0.35 -4.20 1.68 0.0 0.00 2.50 0.00
0.18 8.00 0.0 0.00 0.40 -4.80 1.92 0.0 0.00 2.50 0.00
0.19 8.00 0.0 0.00 0.45 -5.40 2.16 0.0 0.00 2.50 0.00
0.20 8.00 0.0 0.00 0.50 -6.00 2.40 0.0 0.00 2.50 0.00
0.21 8.00 0.0 0.00 0.50 -6.00 2.40 0.0 0.00 2.50 0.00
0.22 8.00 0.0 0.00 0.50 -6.00 2.40 0.0 0.00 2.50 0.00
0.23 8.00 0.0 0.00 0.50 -6.00 2.40 0.0 0.00 2.50 0.00
0.24 8.00 0.0 0.00 0.50 -6.00 2.40 0.0 0.00 2.50 0.00
0.25 8.00 0.0 0.00 0.50 -6.00 2.40 0.0 0.00 2.50 0.00
0.26 8.00 0.0 0.00 0.50 -6.00 2.40 0.0 0.00 2.50 0.00
0.27 8.00 0.0 0.00 0.50 -6.00 2.40 0.0 0.00 2.50 0.00
0.28 8.00 0.0 0.00 0.50 -6.00 2.40 0.0 0.00 2.50 0.00
0.29 8.00 0.0 0.00 0.50 -6.00 2.40 0.0 0.00 2.50 0.00
0.30 8.00 0.0 0.00 0.50 -6.00 2.40 0.0 0.00 2.50 0.00
0.31 8.00 0.0 0.00 0.50 -6.00 2.40 0.0 0.00 2.50 0.00
0.32 8.00 0.0 0.00 0.50 -6.00 2.40 0.0 0.00 2.50 0.00
0.33 8.00 0.0 0.00 0.50 -6.00 2.40 0.0 0.00 2.50 0.00
0.34 8.00 0.0 0.00 0.50 -6.00 2.40 0.0 0.00 2.50 0.00
0.35 8.00 0.0 0.00 0.50 -6.00 2.40 0.0 0.00 2.50 0.00
0.36 8.00 0.0 0.00 0.50 -6.00 2.40 0.0 0.00 2.50 0.00
0.37 8.00 0.0 0.00 0.50 -6.00 2.40 0.0 0.00 2.50 0.00
0.38 8.00 0.0 0.00 0.50 -6.00 2.40 0.0 0.00 2.50 0.00
0.39 8.00 0.0 0.00 0.50 -6.00 2.40 0.0 0.00 2.50 0.00
0.40 8.00 0.0 0.00 0.50 -6.00 2.40 0.0 0.00 2.50 0.00
0.41 8.00 0.0 0.00 0.50 -6.00 2.40 0.0 0.00 2.50 0.00
0.42 8.00 0.0 0.00 0.50 -6.00 2.40 0.0 0.00 2.50 0.00
0.43 8.00 0.0 0.00 0.50 -6.00 2.40 0.0 0.00 2.50 0.00
0.44 8.00 0.0 0.00 0.50 -6.00 2.40 0.0 0.00 2.50 0.00
0.45 8.00 0.0 0.00 0.50 -6.00 2.40 0.0 0.00 2.50 0.00
0.46 8.00 0.0 0.00 0.50 -6.00 2.40 0.0 0.00 2.50 0.00
0.47 8.00 0.0 0.00 0.50 -6.00 2.40 0.0 0.00 2.50 0.00
0.48 8.00 0.0 0.00 0.50 -6.00 2.40 0.0 0.00 2.50 0.00
0.49 8.00 0.0 0.00 0.50 -6.00 2.40 0.0 0.00 2.50 0.00
0.50 8.00 0.0 0.00 0.50 -6.00 2.40 0.0 0.00 2.50 0.00
0.51 8.00 0.0 0.00 0.50 -6.00 2.40 0.0 0.00 2.50 0.00
0.52 8.00 0.0 0.00 0.50 -6.00 2.40 0.0 0.00 2.50 0.00
0.53 8.00 0.0 0.00 0.50 -6.00 2.40 0.0 0.00 2.50 0.00
0.54 8.00 0.0 0.00 0.50 -6.00 2.40 0.0 0.00 2.50 0.00
0.55 8.00 0.0 0.00 0.50 -6.00 2.40 0.0 0.00 2.50 0.00
0.56 8.00 0.0 0.00 0.50 -6.00 2.40 0.0 0.00 2.50 0.00
0.57 8.00 0.0 0.00 0.50 -6.00 2.40 0.0 0.00 2.50 0.00
0.58 8.00 0.0 0.00 0.50 -6.00 2.40 0.0 0.00 2.50 0.00
0.59 8.00 0.0 0.00 0.50 -6.00 2.40 0.0 0.00 2.50 0.00
0.60 8.00 0.0 0.00 0.50 -6.00 2.40 0.0 0.00 2.50 0.00
0.61 8.00 0.0 0.00 0.50 -6.00 2.40 0.0 0.00 2.50 0.00
0.62 8.00 0.0 0.00 0.50 -6.00 2.40 0.0 0.00 2.50 0.00
0.63 8.00 0.0 0.00 0.50 -6.00 2.40 0.0 0.00 2.50 0.00
0.64 8.00 0.0 0.00 0.50 -6.00 2.40 0.0 0.00 2.50 0.00
0.65 8.00 0.0 0.00 0.50 -6.00 2.40 0.0 0.00 2.50 0.00
0.66 8.00 0.0 0.00 0.50 -6.00 2.40 0.0 0.00 2.50 0.00
0.67 8.00 0.0 0.00 0.50 -6.00 2.40 0.0 0.00 2.50 0.00
0.68 8.00 0.0 0.00 0.50 -6.00 2.40 0.0 0.00 2.50 0.00
0.69 8.00 0.0 0.00 0.50 -6.00 2.40 0.0 0.00 2.50 0.00
0.70 8.00 0.0 0.00 0.50 -6.00 2.40 0.0 0.00 2.50 0.00
0.71 8.00 0.0 0.00 0.50 -6.00 2.40 0.0 0.00 2.50 0.00
0.72 8.00 0.0 0.00 0.50 -6.00 2.40 0.0 0.00 2.50 0.00
0.73 8.00 0.0 0.00 0.50 -6.00 2.40 0.0 0.00 2.50 0.00
0.74 8.00 0.0 0.00 0.50 -6.00 2.40 0.0 0.00 2.50 0.00
0.75 8.00 0.0 0.00 0.50 -6.00 2.40 0.0 0.00 2.50 0.00
0.76 8.00 0.0 0.00 0.50 -6.00 2.40 0.0 0.00 2.50 0.00
0.77 8.00 0.0 0.00 0.50 -6.00 2.40 0.0 0.00 2.50 0.00
0.78 8.00 0.0 0.00 0.50 -6.00 2.40 0.0 0.00 2.50 0.00
0.79 8.00 0.0 0.00 0.50 -6.00 2.40 0.0 0.00 2.50 0.00
0.80 8.00 0.0 0.00 0.50 -6.00 2.40 0.0 0.00 2.50 0.00
0.81 8.05 0.0 0.00 0.50 -6.00 2.65 0.0 0.00 2.50 0.00
0.82 8.10 0.0 0.00 0.50 -6.00 2.90 0.0 0.00 2.50 0.00
0.83 8.15 0.0 0.00 0.50 -6.00 3.15 0.0 0.00 2.50 0.00
0.84 8.20 0.0 0.00 0.50 -6.00 3.40 0.0 0.00 2.50 0.00
0.85 8.25 0.0 0.00 0.50 -6.00 3.65 0.0 0.00 2.50 0.00
0.86 8.30 0.0 0.00 0.50 -6.00 3.90 0.0 0.00 2.50 0.00
0.87 8.35 0.0 0.00 0.50 -6.00 4.15 0.0 0.00 2.50 0.00
0.88 8.40 0.0 0.00 0.50 -6.00 4.40 0.0 0.00 2.50 0.00
0.89 8.45 0.0 0.00 0.50 -6.00 4.65 0.0 0.00 2.50 0.00
0.90 8.50 0.0 0.00 0.50 -6.00 4.90 0.0 0.00 2.50 0.00